line profiling: sample.interval=1000
#File 1: script1.R
"deparse" "paste" "FUN" "lapply" "sapply" "model.frame.default" "stats::model.frame" "eval" "eval" "glm" "summary" 1#6 "eval" "eval" "withVisible" "source" 
"linkinv" "glm.fit" "eval" "eval" "glm" "summary" 1#6 "eval" "eval" "withVisible" "source" 
"residuals.glm" "residuals" "summary.glm" "summary" 1#6 "eval" "eval" "withVisible" "source" 
"terms.formula" "terms" "model.frame.default" "stats::model.frame" "eval" "eval" "glm" "summary" 1#7 "eval" "eval" "withVisible" "source" 
"do.call" "glm" "summary" 1#7 "eval" "eval" "withVisible" "source" 
"paste" "FUN" "lapply" "sapply" ".getXlevels" "glm" "summary" 1#6 "eval" "eval" "withVisible" "source" 
"dim" "dim" "ncol" "model.matrix.default" "model.matrix" "glm" "summary" 1#7 "eval" "eval" "withVisible" "source" 
"length" "length" "data.frame" 1#2 "eval" "eval" "withVisible" "source" 
"variance" "glm.fit" "eval" "eval" "glm" "summary" 1#6 "eval" "eval" "withVisible" "source" 
"%in%" "deparse" "paste" "FUN" "lapply" "sapply" "model.frame.default" "stats::model.frame" "eval" "eval" "glm" "summary" 1#7 "eval" "eval" "withVisible" "source" 
"c" "summary.glm" "summary" 1#7 "eval" "eval" "withVisible" "source" 
"glm.fit" "eval" "eval" "glm" "summary" 1#6 "eval" "eval" "withVisible" "source" 
"length" "length" "dim.data.frame" "dim" "dim" "ncol" "model.matrix.default" "model.matrix" "glm" "summary" 1#7 "eval" "eval" "withVisible" "source" 
"data.frame" 1#2 "eval" "eval" "withVisible" "source" 
"glm.fit" "eval" "eval" "glm" "summary" 1#6 "eval" "eval" "withVisible" "source" 
".subset2" "<Anonymous>" "[[.data.frame" "[[" "$.data.frame" "$" "model.weights" "as.vector" "glm" "summary" 1#7 "eval" "eval" "withVisible" "source" 
"family" "glm" "summary" 1#6 "eval" "eval" "withVisible" "source" 
".Call" "glm.fit" "eval" "eval" "glm" "summary" 1#6 "eval" "eval" "withVisible" "source" 
"<Anonymous>" "[[.data.frame" "[[" "na.omit.data.frame" "na.omit" ".External2" "model.frame.default" "stats::model.frame" "eval" "eval" "glm" "summary" 1#7 "eval" "eval" "withVisible" "source" 
"lapply" "sapply" "diag" "summary.glm" "summary" 1#7 "eval" "eval" "withVisible" "source" 
"$" "model.offset" "as.vector" "glm" "summary" 1#6 "eval" "eval" "withVisible" "source" 
"is.environment" "terms.formula" "terms" "model.frame.default" "stats::model.frame" "eval" "eval" "glm" "summary" 1#7 "eval" "eval" "withVisible" "source" 
"match.call" "glm" "summary" 1#7 "eval" "eval" "withVisible" "source" 
"pmatch" ".deparseOpts" "deparse" "mode" "match" "%in%" "deparse" "paste" "FUN" "lapply" "sapply" ".getXlevels" "glm" "summary" 1#7 "eval" "eval" "withVisible" "source" 
"deparse" "paste" "FUN" "lapply" "sapply" "model.frame.default" "stats::model.frame" "eval" "eval" "glm" "summary" 1#6 "eval" "eval" "withVisible" "source" 
"pmatch" "match.arg" "residuals.glm" "residuals" "summary.glm" "summary" 1#6 "eval" "eval" "withVisible" "source" 
"summary.glm" "summary" 1#7 "eval" "eval" "withVisible" "source" 
"glm.fit" "eval" "eval" "glm" "summary" 1#6 "eval" "eval" "withVisible" "source" 
"$" "model.weights" "as.vector" "glm" "summary" 1#7 "eval" "eval" "withVisible" "source" 
".deparseOpts" "deparse" "mode" "match" "%in%" "deparse" "paste" "force" "as.data.frame.numeric" "as.data.frame" "data.frame" 1#2 "eval" "eval" "withVisible" "source" 
".External2" "model.matrix.default" "model.matrix" "glm" "summary" 1#6 "eval" "eval" "withVisible" "source" 
"vapply" "pmax" "residuals.glm" "residuals" "summary.glm" "summary" 1#6 "eval" "eval" "withVisible" "source" 
".deparseOpts" "deparse" "paste" "FUN" "lapply" "sapply" ".getXlevels" "glm" "summary" 1#7 "eval" "eval" "withVisible" "source" 
"paste" "FUN" "lapply" "sapply" "match" "model.matrix.default" "model.matrix" "glm" "summary" 1#6 "eval" "eval" "withVisible" "source" 
"paste" "FUN" "lapply" "sapply" "match" "model.matrix.default" "model.matrix" "glm" "summary" 1#6 "eval" "eval" "withVisible" "source" 
"summary" 1#6 "eval" "eval" "withVisible" "source" 
"sys.call" "match" "%in%" "[[.data.frame" "[[" "model.extract" "glm" "summary" 1#6 "eval" "eval" "withVisible" "source" 
"pmatch" "match.arg" "residuals.glm" "residuals" "summary.glm" "summary" 1#6 "eval" "eval" "withVisible" "source" 
"vapply" "model.matrix.default" "model.matrix" "glm" "summary" 1#7 "eval" "eval" "withVisible" "source" 
"$" "residuals.glm" "residuals" "summary.glm" "summary" 1#7 "eval" "eval" "withVisible" "source" 
"attr" "model.frame.default" "stats::model.frame" "eval" "eval" "glm" "summary" 1#6 "eval" "eval" "withVisible" "source" 
"as.list" "data.frame" 1#2 "eval" "eval" "withVisible" "source" 
"as.list" "vapply" "model.matrix.default" "model.matrix" "glm" "summary" 1#6 "eval" "eval" "withVisible" "source" 
"structure" "family" "glm" "summary" 1#7 "eval" "eval" "withVisible" "source" 
"dev.resids" "glm.fit" "eval" "eval" "glm" "summary" 1#7 "eval" "eval" "withVisible" "source" 
"make.unique" "make.names" "data.frame" 1#2 "eval" "eval" "withVisible" "source" 
"glm.fit" "eval" "eval" "glm" "summary" 1#6 "eval" "eval" "withVisible" "source" 
"c" "dim.data.frame" "dim" "dim" "nrow" "logical" "na.omit.data.frame" "na.omit" ".External2" "model.frame.default" "stats::model.frame" "eval" "eval" "glm" "summary" 1#7 "eval" "eval" "withVisible" "source" 
"pt" "summary.glm" "summary" 1#7 "eval" "eval" "withVisible" "source" 
".External2" "model.frame.default" "stats::model.frame" "eval" "eval" "glm" "summary" 1#6 "eval" "eval" "withVisible" "source" 
"summary.glm" "summary" 1#6 "eval" "eval" "withVisible" "source" 
"summary.glm" "summary" 1#6 "eval" "eval" "withVisible" "source" 
"summary.glm" "summary" 1#6 "eval" "eval" "withVisible" "source" 
"mostattributes<-" "pmax" "residuals.glm" "residuals" "summary.glm" "summary" 1#6 "eval" "eval" "withVisible" "source" 
"na.omit.data.frame" "na.omit" ".External2" "model.frame.default" "stats::model.frame" "eval" "eval" "glm" "summary" 1#7 "eval" "eval" "withVisible" "source" 
"aic" "glm.fit" "eval" "eval" "glm" "summary" 1#7 "eval" "eval" "withVisible" "source" 
"length" "data.frame" 1#2 "eval" "eval" "withVisible" "source" 
"terms.formula" "terms" "model.frame.default" "stats::model.frame" "eval" "eval" "glm" "summary" 1#6 "eval" "eval" "withVisible" "source" 
"glm.fit" "eval" "eval" "glm" "summary" 1#6 "eval" "eval" "withVisible" "source" 
"$" "residuals.glm" "residuals" "summary.glm" "summary" 1#6 "eval" "eval" "withVisible" "source" 
"names" "[.data.frame" "[" "lapply" ".getXlevels" "glm" "summary" 1#6 "eval" "eval" "withVisible" "source" 
"vapply" ".getXlevels" "glm" "summary" 1#6 "eval" "eval" "withVisible" "source" 
"ifelse" "<Anonymous>" "pmax" "residuals.glm" "residuals" "summary.glm" "summary" 1#6 "eval" "eval" "withVisible" "source" 
"qr.lm" "summary.glm" "summary" 1#6 "eval" "eval" "withVisible" "source" 
"eval" "match.arg" "residuals.glm" "residuals" "summary.glm" "summary" 1#6 "eval" "eval" "withVisible" "source" 
"%*%" "glm.fit" "eval" "eval" "glm" "summary" 1#7 "eval" "eval" "withVisible" "source" 
"match" "%in%" "structure" "family" "glm" "summary" 1#6 "eval" "eval" "withVisible" "source" 
"variance" "glm.fit" "eval" "eval" "glm" "summary" 1#6 "eval" "eval" "withVisible" "source" 
"sys.call" "match.call" "glm" "summary" 1#7 "eval" "eval" "withVisible" "source" 
"min" "glm.fit" "eval" "eval" "glm" "summary" 1#7 "eval" "eval" "withVisible" "source" 
"getOption" "model.frame.default" "stats::model.frame" "eval" "eval" "glm" "summary" 1#6 "eval" "eval" "withVisible" "source" 
"-" "deparse" "paste" "FUN" "lapply" "sapply" ".getXlevels" "glm" "summary" 1#6 "eval" "eval" "withVisible" "source" 
"<Anonymous>" "[[.data.frame" "[[" "$.data.frame" "$" "model.offset" "as.vector" "glm" "summary" 1#7 "eval" "eval" "withVisible" "source" 
"makepredictcall.default" "makepredictcall" "model.frame.default" "stats::model.frame" "eval" "eval" "glm" "summary" 1#6 "eval" "eval" "withVisible" "source" 
"ifelse" "residuals.glm" "residuals" "summary.glm" "summary" 1#6 "eval" "eval" "withVisible" "source" 
".getXlevels" "glm" "summary" 1#7 "eval" "eval" "withVisible" "source" 
"$.data.frame" "$" "model.offset" "as.vector" "glm" "summary" 1#6 "eval" "eval" "withVisible" "source" 
"unique.default" "unique" "simplify2array" "sapply" "model.frame.default" "stats::model.frame" "eval" "eval" "glm" "summary" 1#7 "eval" "eval" "withVisible" "source" 
"ifelse" "residuals.glm" "residuals" "summary.glm" "summary" 1#7 "eval" "eval" "withVisible" "source" 
"glm.fit" "eval" "eval" "glm" "summary" 1#6 "eval" "eval" "withVisible" "source" 
"match" "%in%" "deparse" "paste" "FUN" "lapply" "sapply" "model.frame.default" "stats::model.frame" "eval" "eval" "glm" "summary" 1#7 "eval" "eval" "withVisible" "source" 
"unlist" "simplify2array" "sapply" "match" "model.matrix.default" "model.matrix" "glm" "summary" 1#7 "eval" "eval" "withVisible" "source" 
"pmatch" ".deparseOpts" "deparse" "paste" "FUN" "lapply" "sapply" "model.frame.default" "stats::model.frame" "eval" "eval" "glm" "summary" 1#6 "eval" "eval" "withVisible" "source" 
"$" "residuals.glm" "residuals" "summary.glm" "summary" 1#6 "eval" "eval" "withVisible" "source" 
"pt" "summary.glm" "summary" 1#7 "eval" "eval" "withVisible" "source" 
#File 2: script2.R
"all" "pmax" "residuals.glm" "residuals" "summary.glm" "summary" 2#7 "eval" "eval" "withVisible" "source" 
"ifelse" "dev.resids" "glm.fit" "eval" "eval" "glm" "summary" 2#6 "eval" "eval" "withVisible" "source" 
"[[.data.frame" "[[" "model.matrix.default" "model.matrix" "glm" "summary" 2#7 "eval" "eval" "withVisible" "source" 
".deparseOpts" "deparse" "paste" "FUN" "lapply" "sapply" "model.frame.default" "stats::model.frame" "eval" "eval" "glm" "summary" 2#6 "eval" "eval" "withVisible" "source" 
"sys.function" "match.call" "glm" "summary" 2#7 "eval" "eval" "withVisible" "source" 
"pmatch" ".deparseOpts" "deparse" "paste" "FUN" "lapply" "sapply" ".getXlevels" "glm" "summary" 2#7 "eval" "eval" "withVisible" "source" 
"any" ".deparseOpts" "deparse" "paste" "FUN" "lapply" "sapply" "match" "model.matrix.default" "model.matrix" "glm" "summary" 2#6 "eval" "eval" "withVisible" "source" 
"$" "summary.glm" "summary" 2#6 "eval" "eval" "withVisible" "source" 
"row" "glm.fit" "eval" "eval" "glm" "summary" 2#7 "eval" "eval" "withVisible" "source" 
"terms.formula" "terms" "model.frame.default" "stats::model.frame" "eval" "eval" "glm" "summary" 2#6 "eval" "eval" "withVisible" "source" 
"match" "%in%" ".deparseOpts" "deparse" "paste" "FUN" "lapply" "sapply" ".getXlevels" "glm" "summary" 2#6 "eval" "eval" "withVisible" "source" 
"-" "mu.eta" "glm.fit" "eval" "eval" "glm" "summary" 2#7 "eval" "eval" "withVisible" "source" 
"ifelse" "dev.resids" "glm.fit" "eval" "eval" "glm" "summary" 2#7 "eval" "eval" "withVisible" "source" 
"pmatch" ".deparseOpts" "deparse" "mode" "match" "%in%" "deparse" "paste" "FUN" "lapply" "sapply" "match" "model.matrix.default" "model.matrix" "glm" "summary" 2#6 "eval" "eval" "withVisible" "source" 
"<Anonymous>" "[[.data.frame" "[[" "[.data.frame" "[" "na.omit.data.frame" "na.omit" ".External2" "model.frame.default" "stats::model.frame" "eval" "eval" "glm" "summary" 2#7 "eval" "eval" "withVisible" "source" 
"data.frame" 2#2 "eval" "eval" "withVisible" "source" 
"match" "%in%" "[[.data.frame" "[[" "$.data.frame" "$" "model.weights" "as.vector" "glm" "summary" 2#6 "eval" "eval" "withVisible" "source" 
".deparseOpts" "deparse" "mode" "match" "%in%" "deparse" "paste" "force" "as.data.frame.numeric" "as.data.frame" "data.frame" 2#2 "eval" "eval" "withVisible" "source" 
".External2" "model.matrix.default" "model.matrix" "glm" "summary" 2#6 "eval" "eval" "withVisible" "source" 
"sum" ".deparseOpts" "deparse" "paste" "FUN" "lapply" "sapply" ".getXlevels" "glm" "summary" 2#6 "eval" "eval" "withVisible" "source" 
"mode" "match" "%in%" "deparse" "paste" "FUN" "lapply" "sapply" "match" "model.matrix.default" "model.matrix" "glm" "summary" 2#7 "eval" "eval" "withVisible" "source" 
"summary.glm" "summary" 2#7 "eval" "eval" "withVisible" "source" 
"is.factor" "model.frame.default" "stats::model.frame" "eval" "eval" "glm" "summary" 2#6 "eval" "eval" "withVisible" "source" 
"unlist" "simplify2array" "sapply" ".getXlevels" "glm" "summary" 2#6 "eval" "eval" "withVisible" "source" 
"terms" "is.empty.model" "glm" "summary" 2#7 "eval" "eval" "withVisible" "source" 
"summary.glm" "summary" 2#7 "eval" "eval" "withVisible" "source" 
"getExportedValue" "::" "eval" "eval" "glm" "summary" 2#6 "eval" "eval" "withVisible" "source" 
"glm.fit" "eval" "eval" "glm" "summary" 2#6 "eval" "eval" "withVisible" "source" 
"paste" "FUN" "lapply" "sapply" "model.frame.default" "stats::model.frame" "eval" "eval" "glm" "summary" 2#7 "eval" "eval" "withVisible" "source" 
"glm.fit" "eval" "eval" "glm" "summary" 2#7 "eval" "eval" "withVisible" "source" 
"match.fun" "lapply" "unlist" "order" "make.names" "data.frame" 2#2 "eval" "eval" "withVisible" "source" 
"as.list" "data.frame" 2#2 "eval" "eval" "withVisible" "source" 
"glm.fit" "eval" "eval" "glm" "summary" 2#6 "eval" "eval" "withVisible" "source" 
"sys.call" "match" "%in%" "[[.data.frame" "[[" "na.omit.data.frame" "na.omit" ".External2" "model.frame.default" "stats::model.frame" "eval" "eval" "glm" "summary" 2#7 "eval" "eval" "withVisible" "source" 
"unique" "simplify2array" "sapply" "diag" "summary.glm" "summary" 2#7 "eval" "eval" "withVisible" "source" 
"FUN" "vapply" "model.matrix.default" "model.matrix" "glm" "summary" 2#6 "eval" "eval" "withVisible" "source" 
"is.na" "ifelse" "residuals.glm" "residuals" "summary.glm" "summary" 2#6 "eval" "eval" "withVisible" "source" 
"summary.glm" "summary" 2#7 "eval" "eval" "withVisible" "source" 
"/" "linkinv" "glm.fit" "eval" "eval" "glm" "summary" 2#6 "eval" "eval" "withVisible" "source" 
"dev.resids" "glm.fit" "eval" "eval" "glm" "summary" 2#7 "eval" "eval" "withVisible" "source" 
"is.matrix" "FUN" "vapply" "model.frame.default" "stats::model.frame" "eval" "eval" "glm" "summary" 2#6 "eval" "eval" "withVisible" "source" 
"paste" "FUN" "lapply" "sapply" "model.frame.default" "stats::model.frame" "eval" "eval" "glm" "summary" 2#7 "eval" "eval" "withVisible" "source" 
"diag" "summary.glm" "summary" 2#7 "eval" "eval" "withVisible" "source" 
"eval" "glm.fit" "eval" "eval" "glm" "summary" 2#6 "eval" "eval" "withVisible" "source" 
"pmatch" ".deparseOpts" "deparse" "paste" "FUN" "lapply" "sapply" "match" "model.matrix.default" "model.matrix" "glm" "summary" 2#7 "eval" "eval" "withVisible" "source" 
"data.frame" 2#2 "eval" "eval" "withVisible" "source" 
".deparseOpts" "deparse" "paste" "FUN" "lapply" "sapply" ".getXlevels" "glm" "summary" 2#6 "eval" "eval" "withVisible" "source" 
"model.extract" "glm" "summary" 2#7 "eval" "eval" "withVisible" "source" 
"$" "summary.glm" "summary" 2#6 "eval" "eval" "withVisible" "source" 
"$" "summary.glm" "summary" 2#6 "eval" "eval" "withVisible" "source" 
"$" "summary.glm" "summary" 2#6 "eval" "eval" "withVisible" "source" 
"$" "summary.glm" "summary" 2#6 "eval" "eval" "withVisible" "source" 
"$" "summary.glm" "summary" 2#6 "eval" "eval" "withVisible" "source" 
".External" "terms.formula" "terms" "model.frame.default" "stats::model.frame" "eval" "eval" "glm" "summary" 2#7 "eval" "eval" "withVisible" "source" 
".row_names_info" "dim.data.frame" "dim" "dim" "ncol" "model.matrix.default" "model.matrix" "glm" "summary" 2#7 "eval" "eval" "withVisible" "source" 
"diag" "summary.glm" "summary" 2#7 "eval" "eval" "withVisible" "source" 
"c" "pmatch" ".deparseOpts" "deparse" "paste" "FUN" "lapply" "sapply" "model.frame.default" "stats::model.frame" "eval" "eval" "glm" "summary" 2#6 "eval" "eval" "withVisible" "source" 
"[[.data.frame" "[[" "model.extract" "glm" "summary" 2#6 "eval" "eval" "withVisible" "source" 
"chol2inv" "summary.glm" "summary" 2#6 "eval" "eval" "withVisible" "source" 
"paste" "FUN" "lapply" "sapply" "match" "model.matrix.default" "model.matrix" "glm" "summary" 2#7 "eval" "eval" "withVisible" "source" 
"$" "summary.glm" "summary" 2#7 "eval" "eval" "withVisible" "source" 
"[[.data.frame" "[[" "[.data.frame" "[" "na.omit.data.frame" "na.omit" ".External2" "model.frame.default" "stats::model.frame" "eval" "eval" "glm" "summary" 2#6 "eval" "eval" "withVisible" "source" 
"unique" "simplify2array" "sapply" ".getXlevels" "glm" "summary" 2#6 "eval" "eval" "withVisible" "source" 
"deparse" "paste" "FUN" "lapply" "sapply" "match" "model.matrix.default" "model.matrix" "glm" "summary" 2#7 "eval" "eval" "withVisible" "source" 
".deparseOpts" "deparse" "paste" "FUN" "lapply" "sapply" ".getXlevels" "glm" "summary" 2#7 "eval" "eval" "withVisible" "source" 
"make.names" "data.frame" 2#2 "eval" "eval" "withVisible" "source" 
"as.matrix" "glm.fit" "eval" "eval" "glm" "summary" 2#6 "eval" "eval" "withVisible" "source" 
"match" "mostattributes<-" "pmax" "residuals.glm" "residuals" "summary.glm" "summary" 2#6 "eval" "eval" "withVisible" "source" 
"glm.fit" "eval" "eval" "glm" "summary" 2#7 "eval" "eval" "withVisible" "source" 
"c" "data.frame" 2#2 "eval" "eval" "withVisible" "source" 
"as.character" "model.response" "glm" "summary" 2#6 "eval" "eval" "withVisible" "source" 
"%in%" ".deparseOpts" "deparse" "paste" "FUN" "lapply" "sapply" "model.frame.default" "stats::model.frame" "eval" "eval" "glm" "summary" 2#6 "eval" "eval" "withVisible" "source" 
"%in%" "structure" "glm.fit" "eval" "eval" "glm" "summary" 2#6 "eval" "eval" "withVisible" "source" 
"min" "glm.fit" "eval" "eval" "glm" "summary" 2#7 "eval" "eval" "withVisible" "source" 
"deparse" "paste" "FUN" "lapply" "sapply" "match" "model.matrix.default" "model.matrix" "glm" "summary" 2#6 "eval" "eval" "withVisible" "source" 
"unclass" "as.list.data.frame" "as.list" "vapply" "model.frame.default" "stats::model.frame" "eval" "eval" "glm" "summary" 2#7 "eval" "eval" "withVisible" "source" 
"logical" "vapply" "order" "make.names" "data.frame" 2#2 "eval" "eval" "withVisible" "source" 
"diag" "summary.glm" "summary" 2#6 "eval" "eval" "withVisible" "source" 
"is.factor" "FUN" "lapply" ".getXlevels" "glm" "summary" 2#7 "eval" "eval" "withVisible" "source" 
"glm.fit" "eval" "eval" "glm" "summary" 2#6 "eval" "eval" "withVisible" "source" 
"paste0" "<Anonymous>" "[[.data.frame" "[[" "model.extract" "glm" "summary" 2#7 "eval" "eval" "withVisible" "source" 
"sum" ".deparseOpts" "deparse" "paste" "FUN" "lapply" "sapply" "model.frame.default" "stats::model.frame" "eval" "eval" "glm" "summary" 2#6 "eval" "eval" "withVisible" "source" 
"match.call" "glm" "summary" 2#7 "eval" "eval" "withVisible" "source" 
"glm.fit" "eval" "eval" "glm" "summary" 2#7 "eval" "eval" "withVisible" "source" 
