GC profiling: line profiling: sample.interval=1000
#File 1: 
"as.list" "lapply" "sapply" "match" "model.matrix.default" "model.matrix" "glm" "summary" 1#6 
"glm.fit" "eval" "eval" "glm" "summary" 1#6 
"match" "%in%" "structure" "make.link" "family" "glm" "summary" 1#7 
"any" "ifelse" "dev.resids" "glm.fit" "eval" "eval" "glm" "summary" 1#7 
"residuals.glm" "residuals" "summary.glm" "summary" 1#7 
"eval" "eval" "model.frame.default" "stats::model.frame" "eval" "eval" "glm" "summary" 1#6 
"stats::model.frame" "eval" "eval" "glm" "summary" 1#7 
"stats::model.frame" "eval" "eval" "glm" "summary" 1#7 
"stats::model.frame" "eval" "eval" "glm" "summary" 1#7 
"model.frame.default" "stats::model.frame" "eval" "eval" "glm" "summary" 1#6 
"ifelse" "dev.resids" "glm.fit" "eval" "eval" "glm" "summary" 1#6 
"$" "pmax" "residuals.glm" "residuals" "summary.glm" "summary" 1#6 
"mode" "match" "%in%" "deparse" "mode" "match" "%in%" "deparse" "paste" "FUN" "lapply" "sapply" "model.frame.default" "stats::model.frame" "eval" "eval" "glm" "summary" 1#7 
"%in%" ".deparseOpts" "deparse" "paste" "FUN" "lapply" "sapply" "match" "model.matrix.default" "model.matrix" "glm" "summary" 1#7 
"unlist" "simplify2array" "sapply" ".getXlevels" "glm" "summary" 1#7 
"as.list.default" "as.list" "lapply" "sapply" "model.frame.default" "stats::model.frame" "eval" "eval" "glm" "summary" 1#6 
"vapply" "model.matrix.default" "model.matrix" "glm" "summary" 1#6 
"<GC>" ".deparseOpts" "deparse" "paste" "FUN" "lapply" "sapply" "match" "model.matrix.default" "model.matrix" "glm" "summary" 1#6 
"unless.null" "glm.fit" "eval" "eval" "glm" "summary" 1#6 
"$" "structure" "family" "glm" "summary" 1#7 
"glm.fit" "eval" "eval" "glm" "summary" 1#7 
"pmatch" ".deparseOpts" "deparse" "paste" "FUN" "lapply" "sapply" "model.frame.default" "stats::model.frame" "eval" "eval" "glm" "summary" 1#6 
"ifelse" "dev.resids" "glm.fit" "eval" "eval" "glm" "summary" 1#6 
".External" "terms.formula" "terms" "model.frame.default" "stats::model.frame" "eval" "eval" "glm" "summary" 1#7 
".External2" "model.matrix.default" "model.matrix" "glm" "summary" 1#7 
"$" "residuals.glm" "residuals" "summary.glm" "summary" 1#7 
".deparseOpts" "deparse" "paste" "FUN" "lapply" "sapply" "match" "model.matrix.default" "model.matrix" "glm" "summary" 1#6 
"diag" "summary.glm" "summary" 1#6 
"glm.fit" "eval" "eval" "glm" "summary" 1#7 
"vapply" "model.frame.default" "stats::model.frame" "eval" "eval" "glm" "summary" 1#6 
"cbind" "summary.glm" "summary" 1#6 
"ifelse" "dev.resids" "glm.fit" "eval" "eval" "glm" "summary" 1#7 
"eval" "eval" "model.frame.default" "stats::model.frame" "eval" "eval" "glm" "summary" 1#6 
"match.call" "glm" "summary" 1#7 
"mode" "match" "%in%" "deparse" "paste" "FUN" "lapply" "sapply" ".getXlevels" "glm" "summary" 1#7 
"$" "glm.fit" "eval" "eval" "glm" "summary" 1#7 
"[" "na.omit.data.frame" "na.omit" ".External2" "model.frame.default" "stats::model.frame" "eval" "eval" "glm" "summary" 1#6 
"sys.function" "match.call" "glm" "summary" 1#7 
"valideta" "glm.fit" "eval" "eval" "glm" "summary" 1#7 
".External" "terms.formula" "terms" "model.frame.default" "stats::model.frame" "eval" "eval" "glm" "summary" 1#6 
"glm" "summary" 1#6 
"match" "%in%" "[[.data.frame" "[[" "[.data.frame" "[" "na.omit.data.frame" "na.omit" ".External2" "model.frame.default" "stats::model.frame" "eval" "eval" "glm" "summary" 1#7 
"glm.fit" "eval" "eval" "glm" "summary" 1#7 
"model.frame.default" "stats::model.frame" "eval" "eval" "glm" "summary" 1#6 
"chol2inv" "summary.glm" "summary" 1#6 
"model.frame.default" "stats::model.frame" "eval" "eval" "glm" "summary" 1#7 
"summary.glm" "summary" 1#7 
"glm.control" "do.call" "glm.fit" "eval" "eval" "glm" "summary" 1#6 
"sum" ".deparseOpts" "deparse" "mode" "match" "%in%" "deparse" "paste" "FUN" "lapply" "sapply" "model.frame.default" "stats::model.frame" "eval" "eval" "glm" "summary" 1#7 
"diag" "summary.glm" "summary" 1#7 
"vapply" "model.matrix.default" "model.matrix" "glm" "summary" 1#6 
"mode" "match" "%in%" "deparse" "paste" "FUN" "lapply" "sapply" "model.frame.default" "stats::model.frame" "eval" "eval" "glm" "summary" 1#7 
"<GC>" "pmatch" ".deparseOpts" "deparse" "paste" "FUN" "lapply" "sapply" "match" "model.matrix.default" "model.matrix" "glm" "summary" 1#7 
"summary.glm" "summary" 1#7 
"glm.fit" "eval" "eval" "glm" "summary" 1#6 
"[[.data.frame" "[[" "model.extract" "glm" "summary" 1#6 
"eval" "model.frame.default" "stats::model.frame" "eval" "eval" "glm" "summary" 1#7 
"ifelse" "dev.resids" "glm.fit" "eval" "eval" "glm" "summary" 1#7 
"ifelse" "<Anonymous>" "pmax" "residuals.glm" "residuals" "summary.glm" "summary" 1#7 
"[[.data.frame" "[[" "[.data.frame" "[" "na.omit.data.frame" "na.omit" ".External2" "model.frame.default" "stats::model.frame" "eval" "eval" "glm" "summary" 1#6 
"sapply" ".getXlevels" "glm" "summary" 1#6 
"match" "%in%" "deparse" "paste" "FUN" "lapply" "sapply" "model.frame.default" "stats::model.frame" "eval" "eval" "glm" "summary" 1#7 
"glm.fit" "eval" "eval" "glm" "summary" 1#7 
"is.expression" "mode" "match" "%in%" "deparse" "paste" "force" "as.data.frame.numeric" "as.data.frame" "data.frame" 1#2 
"match" "%in%" "[[.data.frame" "[[" "$.data.frame" "$" "model.weights" "as.vector" "glm" "summary" 1#6 
"structure" "make.link" "family" "glm" "summary" 1#7 
"all" "validmu" "glm.fit" "eval" "eval" "glm" "summary" 1#7 
"match.arg" "residuals.glm" "residuals" "summary.glm" "summary" 1#7 
"attr" "is.empty.model" "glm" "summary" 1#6 
"vapply" ".getXlevels" "glm" "summary" 1#6 
"c" "pmatch" ".deparseOpts" "deparse" "paste" "FUN" "lapply" "sapply" "match" "model.matrix.default" "model.matrix" "glm" "summary" 1#7 
"match" "structure" "family" "glm" "summary" 1#7 
"match" "structure" "family" "glm" "summary" 1#7 
"match" "structure" "family" "glm" "summary" 1#7 
"match" "structure" "family" "glm" "summary" 1#7 
"match" "structure" "family" "glm" "summary" 1#7 
".External" "terms.formula" "terms" "model.frame.default" "stats::model.frame" "eval" "eval" "glm" "summary" 1#7 
".External2" "model.matrix.default" "model.matrix" "glm" "summary" 1#6 
"as.list" "lapply" "sapply" ".getXlevels" "glm" "summary" 1#6 
"%in%" "deparse" "paste" "FUN" "lapply" "sapply" "match" "model.matrix.default" "model.matrix" "glm" "summary" 1#7 
"residuals" "summary.glm" "summary" 1#7 
"pmatch" ".deparseOpts" "deparse" "paste" "FUN" "lapply" "sapply" "match" "model.matrix.default" "model.matrix" "glm" "summary" 1#6 
"sapply" ".getXlevels" "glm" "summary" 1#6 
".External2" "model.matrix.default" "model.matrix" "glm" "summary" 1#7 
"match" "summary.glm" "summary" 1#7 
"match" "%in%" "deparse" "mode" "match" "%in%" "deparse" "paste" "FUN" "lapply" "sapply" "match" "model.matrix.default" "model.matrix" "glm" "summary" 1#6 
"ifelse" "residuals.glm" "residuals" "summary.glm" "summary" 1#6 
"mu.eta" "glm.fit" "eval" "eval" "glm" "summary" 1#7 
"length" "data.frame" 1#2 
"model.offset" "as.vector" "glm" "summary" 1#6 
