line profiling: sample.interval=1000
#File 1: 
"terms" "model.frame.default" "stats::model.frame" "eval" "eval" "glm" "summary" 1#7 
"lengths" "unique" "simplify2array" "sapply" "diag" "summary.glm" "summary" 1#7 
"$" "glm.fit" "eval" "eval" "glm" "summary" 1#6 
".External" "terms.formula" "terms" "model.frame.default" "stats::model.frame" "eval" "eval" "glm" "summary" 1#7 
"deparse" "paste" "FUN" "lapply" "sapply" ".getXlevels" "glm" "summary" 1#6 
"ifelse" "dev.resids" "glm.fit" "eval" "eval" "glm" "summary" 1#7 
"is.factor" "FUN" "vapply" "order" "make.names" "data.frame" 1#2 
"deparse" "paste" "FUN" "lapply" "sapply" ".getXlevels" "glm" "summary" 1#6 
"make.link" "family" "glm" "summary" 1#6 
"as.list.default" "as.list" "lapply" "sapply" "match" "model.matrix.default" "model.matrix" "glm" "summary" 1#6 
"$" "glm.fit" "eval" "eval" "glm" "summary" 1#6 
"col" "glm.fit" "eval" "eval" "glm" "summary" 1#6 
"summary.glm" "summary" 1#6 
"[" "summary.glm" "summary" 1#6 
"[.data.frame" "[" "na.omit.data.frame" "na.omit" ".External2" "model.frame.default" "stats::model.frame" "eval" "eval" "glm" "summary" 1#7 
"%in%" "[[.data.frame" "[[" "$.data.frame" "$" "model.offset" "as.vector" "glm" "summary" 1#7 
"c" "summary.glm" "summary" 1#7 
"as.character" "makepredictcall.default" "makepredictcall" "model.frame.default" "stats::model.frame" "eval" "eval" "glm" "summary" 1#6 
"glm.fit" "eval" "eval" "glm" "summary" 1#6 
"$.data.frame" "$" "model.weights" "as.vector" "glm" "summary" 1#6 
"$" "summary.glm" "summary" 1#6 
"names" "match" "%in%" "[[.data.frame" "[[" "model.matrix.default" "model.matrix" "glm" "summary" 1#7 
".deparseOpts" "deparse" "paste" "FUN" "lapply" "sapply" ".getXlevels" "glm" "summary" 1#7 
"glm" "summary" 1#6 
"names" "names" "match" "summary.glm" "summary" 1#7 
"pmatch" ".deparseOpts" "deparse" "paste" "FUN" "lapply" "sapply" "match" "model.matrix.default" "model.matrix" "glm" "summary" 1#6 
"match" "glm" "summary" 1#7 
"glm.fit" "eval" "eval" "glm" "summary" 1#7 
"as.character" "pmatch" ".deparseOpts" "deparse" "paste" "FUN" "lapply" "sapply" "match" "model.matrix.default" "model.matrix" "glm" "summary" 1#6 
"makepredictcall.default" "makepredictcall" "model.frame.default" "stats::model.frame" "eval" "eval" "glm" "summary" 1#7 
"c" "structure" "as.data.frame.numeric" "as.data.frame" "data.frame" 1#2 
"glm" "summary" 1#6 
"match" "%in%" "family" "glm" "summary" 1#7 
"chol2inv" "summary.glm" "summary" 1#7 
"$" "eval" "glm.fit" "eval" "eval" "glm" "summary" 1#6 
"FUN" "lapply" "sapply" "match" "model.matrix.default" "model.matrix" "glm" "summary" 1#7 
"data.frame" 1#2 
"ncol" "model.matrix.default" "model.matrix" "glm" "summary" 1#6 
"colnames<-" "glm.fit" "eval" "eval" "glm" "summary" 1#7 
"colnames<-" "glm.fit" "eval" "eval" "glm" "summary" 1#7 
"colnames<-" "glm.fit" "eval" "eval" "glm" "summary" 1#7 
"$" "summary.glm" "summary" 1#7 
"pmatch" ".deparseOpts" "deparse" "mode" "match" "%in%" "deparse" "paste" "force" "as.data.frame.numeric" "as.data.frame" "data.frame" 1#2 
"match" "%in%" "[[.data.frame" "[[" "$.data.frame" "$" "model.offset" "as.vector" "glm" "summary" 1#6 
"lapply" ".getXlevels" "glm" "summary" 1#6 
"match" "%in%" "deparse" "paste" "FUN" "lapply" "sapply" ".getXlevels" "glm" "summary" 1#6 
"attr" "model.matrix.default" "model.matrix" "glm" "summary" 1#7 
"match" "summary.glm" "summary" 1#7 
"deparse" "paste" "FUN" "lapply" "sapply" "match" "model.matrix.default" "model.matrix" "glm" "summary" 1#6 
"attributes" "structure" "glm.fit" "eval" "eval" "glm" "summary" 1#6 
"terms.formula" "terms" "model.frame.default" "stats::model.frame" "eval" "eval" "glm" "summary" 1#7 
"glm.fit" "eval" "eval" "glm" "summary" 1#7 
"makepredictcall.default" "makepredictcall" "model.frame.default" "stats::model.frame" "eval" "eval" "glm" "summary" 1#6 
"names" "names" "[.data.frame" "[" "lapply" ".getXlevels" "glm" "summary" 1#6 
"model.extract" "glm" "summary" 1#7 
"as.data.frame" "data.frame" 1#2 
"$" "model.weights" "as.vector" "glm" "summary" 1#6 
"match" "%in%" "structure" "make.link" "family" "glm" "summary" 1#7 
"glm.fit" "eval" "eval" "glm" "summary" 1#7 
"mode" "match" "%in%" "deparse" "paste" "force" "as.data.frame.numeric" "as.data.frame" "data.frame" 1#2 
"glm.fit" "eval" "eval" "glm" "summary" 1#6 
"<Anonymous>" "[[.data.frame" "[[" "$.data.frame" "$" "model.weights" "as.vector" "glm" "summary" 1#7 
"ifelse" "dev.resids" "glm.fit" "eval" "eval" "glm" "summary" 1#7 
"sys.call" "match" "%in%" "[[.data.frame" "[[" "model.frame.default" "stats::model.frame" "eval" "eval" "glm" "summary" 1#6 
"makepredictcall.default" "makepredictcall" "model.frame.default" "stats::model.frame" "eval" "eval" "glm" "summary" 1#7 
"paste" "force" "as.data.frame.numeric" "as.data.frame" "data.frame" 1#2 
"sum" "summary.glm" "summary" 1#6 
"%in%" ".deparseOpts" "deparse" "mode" "match" "%in%" "deparse" "paste" "FUN" "lapply" "sapply" ".getXlevels" "glm" "summary" 1#7 
"match" "%in%" "[[.data.frame" "[[" "$.data.frame" "$" "model.weights" "as.vector" "glm" "summary" 1#6 
"deparse" "paste" "FUN" "lapply" "sapply" "match" "model.matrix.default" "model.matrix" "glm" "summary" 1#7 
"pmatch" ".deparseOpts" "deparse" "paste" "FUN" "lapply" "sapply" "model.frame.default" "stats::model.frame" "eval" "eval" "glm" "summary" 1#6 
"residuals.glm" "residuals" "summary.glm" "summary" 1#6 
".deparseOpts" "deparse" "mode" "match" "%in%" "deparse" "paste" "FUN" "lapply" "sapply" ".getXlevels" "glm" "summary" 1#7 
"[[.data.frame" "[[" "$.data.frame" "$" "model.weights" "as.vector" "glm" "summary" 1#6 
"model.frame.default" "stats::model.frame" "eval" "eval" "glm" "summary" 1#7 
"[[.data.frame" "[[" "[.data.frame" "[" "na.omit.data.frame" "na.omit" ".External2" "model.frame.default" "stats::model.frame" "eval" "eval" "glm" "summary" 1#7 
"match" "structure" "glm.fit" "eval" "eval" "glm" "summary" 1#6 
".External" "terms.formula" "terms" "model.frame.default" "stats::model.frame" "eval" "eval" "glm" "summary" 1#7 
"min" "glm.fit" "eval" "eval" "glm" "summary" 1#7 
"as.data.frame.numeric" "as.data.frame" "data.frame" 1#2 
"pt" "summary.glm" "summary" 1#7 
"anyDuplicated.default" "anyDuplicated" "[.data.frame" "[" "na.omit.data.frame" "na.omit" ".External2" "model.frame.default" "stats::model.frame" "eval" "eval" "glm" "summary" 1#6 
"coef" "summary.glm" "summary" 1#6 
"paste0" "<Anonymous>" "[[.data.frame" "[[" "model.extract" "glm" "summary" 1#7 
