sample.interval=1000
"pmatch" "match.arg" "residuals.glm" "residuals" "summary.glm" "summary" 
"deparse" "paste" "FUN" "lapply" "sapply" "model.frame.default" "stats::model.frame" "eval" "eval" "glm" "summary" 
"as.matrix" "glm.fit" "eval" "eval" "glm" "summary" 
"glm.fit" "eval" "eval" "glm" "summary" 
"deparse" "mode" "match" "%in%" "deparse" "paste" "FUN" "lapply" "sapply" "model.frame.default" "stats::model.frame" "eval" "eval" "glm" "summary" 
"model.matrix" "glm" "summary" 
"glm" "summary" 
"summary" 
"as.list.default" "as.list" "lapply" "sapply" "match" "model.matrix.default" "model.matrix" "glm" "summary" 
"match" "%in%" "structure" "glm.fit" "eval" "eval" "glm" "summary" 
"$" "structure" "family" "glm" "summary" 
"<Anonymous>" "[[.data.frame" "[[" "model.response" "glm" "summary" 
"match" "%in%" "deparse" "paste" "FUN" "lapply" "sapply" ".getXlevels" "glm" "summary" 
"$" "structure" "family" "glm" "summary" 
"paste" "FUN" "lapply" "sapply" "match" "model.matrix.default" "model.matrix" "glm" "summary" 
"unique.default" "unique" "simplify2array" "sapply" "model.frame.default" "stats::model.frame" "eval" "eval" "glm" "summary" 
"unique.default" "unique" "simplify2array" "sapply" "model.frame.default" "stats::model.frame" "eval" "eval" "glm" "summary" 
".External2" "model.matrix.default" "model.matrix" "glm" "summary" 
"glm.fit" "eval" "eval" "glm" "summary" 
"residuals.glm" "residuals" "summary.glm" "summary" 
"model.frame.default" "stats::model.frame" "eval" "eval" "glm" "summary" 
"glm.fit" "eval" "eval" "glm" "summary" 
"residuals.glm" "residuals" "summary.glm" "summary" 
"%in%" "[[.data.frame" "[[" "model.frame.default" "stats::model.frame" "eval" "eval" "glm" "summary" 
"ifelse" "dev.resids" "glm.fit" "eval" "eval" "glm" "summary" 
".deparseOpts" "deparse" "paste" "FUN" "lapply" "sapply" "match" "model.matrix.default" "model.matrix" "glm" "summary" 
"c" "match" "%in%" "deparse" "paste" "FUN" "lapply" "sapply" ".getXlevels" "glm" "summary" 
"summary.glm" "summary" 
"is.na" "summary.glm" "summary" 
"anyDuplicated" "[.data.frame" "[" "na.omit.data.frame" "na.omit" ".External2" "model.frame.default" "stats::model.frame" "eval" "eval" "glm" "summary" 
"ifelse" "dev.resids" "glm.fit" "eval" "eval" "glm" "summary" 
".set_row_names" "as.data.frame.numeric" "as.data.frame" "data.frame" 
"linkinv" "glm.fit" "eval" "eval" "glm" "summary" 
"ifelse" "residuals.glm" "residuals" "summary.glm" "summary" 
"unclass" "as.list.data.frame" "as.list" "vapply" "model.matrix.default" "model.matrix" "glm" "summary" 
"paste" "force" "as.data.frame.numeric" "as.data.frame" "data.frame" 
"terms" "is.empty.model" "glm" "summary" 
"%*%" "glm.fit" "eval" "eval" "glm" "summary" 
"attributes" "structure" "make.link" "family" "glm" "summary" 
"unless.null" "glm.fit" "eval" "eval" "glm" "summary" 
"match.fun" "vapply" ".getXlevels" "glm" "summary" 
"is.factor" "model.frame.default" "stats::model.frame" "eval" "eval" "glm" "summary" 
"summary.glm" "summary" 
"paste" "FUN" "lapply" "sapply" "match" "model.matrix.default" "model.matrix" "glm" "summary" 
"paste" "FUN" "lapply" "sapply" ".getXlevels" "glm" "summary" 
"na.omit" ".External2" "model.frame.default" "stats::model.frame" "eval" "eval" "glm" "summary" 
"is.data.frame" "colnames<-" "glm.fit" "eval" "eval" "glm" "summary" 
"unique.default" "unique" "simplify2array" "sapply" "diag" "summary.glm" "summary" 
"as.character" "makepredictcall.default" "makepredictcall" "model.frame.default" "stats::model.frame" "eval" "eval" "glm" "summary" 
"lapply" ".getXlevels" "glm" "summary" 
"as.list" "vapply" "model.matrix.default" "model.matrix" "glm" "summary" 
"sys.parent" "sys.call" "match.call" "glm" "summary" 
"glm.fit" "eval" "eval" "glm" "summary" 
"c" "pmatch" ".deparseOpts" "deparse" "mode" "match" "%in%" "deparse" "paste" "FUN" "lapply" "sapply" "model.frame.default" "stats::model.frame" "eval" "eval" "glm" "summary" 
"$" "match" "%in%" "summary.glm" "summary" 
"match" "model.matrix.default" "model.matrix" "glm" "summary" 
"pmax" "residuals.glm" "residuals" "summary.glm" "summary" 
"glm.fit" "eval" "eval" "glm" "summary" 
"c" "structure" "glm.fit" "eval" "eval" "glm" "summary" 
".External2" "model.matrix.default" "model.matrix" "glm" "summary" 
"mode" "match" "%in%" "deparse" "paste" "FUN" "lapply" "sapply" "model.frame.default" "stats::model.frame" "eval" "eval" "glm" "summary" 
"NCOL" "chol2inv" "summary.glm" "summary" 
"getExportedValue" "::" "eval" "eval" "glm" "summary" 
"getExportedValue" "::" "eval" "eval" "glm" "summary" 
"na.omit.data.frame" "na.omit" ".External2" "model.frame.default" "stats::model.frame" "eval" "eval" "glm" "summary" 
"anyDuplicated" "[.data.frame" "[" "lapply" ".getXlevels" "glm" "summary" 
"glm.fit" "eval" "eval" "glm" "summary" 
"%in%" ".deparseOpts" "deparse" "paste" "FUN" "lapply" "sapply" "match" "model.matrix.default" "model.matrix" "glm" "summary" 
"is.expression" "mode" "match" "%in%" "deparse" "paste" "FUN" "lapply" "sapply" "model.frame.default" "stats::model.frame" "eval" "eval" "glm" "summary" 
".deparseOpts" "deparse" "mode" "match" "%in%" "deparse" "paste" "force" "as.data.frame.numeric" "as.data.frame" "data.frame" 
"pt" "summary.glm" "summary" 
"deparse" "paste" "FUN" "lapply" "sapply" ".getXlevels" "glm" "summary" 
"glm.fit" "eval" "eval" "glm" "summary" 
"glm.fit" "eval" "eval" "glm" "summary" 
"glm.fit" "eval" "eval" "glm" "summary" 
"variance" "glm.fit" "eval" "eval" "glm" "summary" 
"model.matrix.default" "model.matrix" "glm" "summary" 
"[.data.frame" "[" "na.omit.data.frame" "na.omit" ".External2" "model.frame.default" "stats::model.frame" "eval" "eval" "glm" "summary" 
"<Anonymous>" "[[.data.frame" "[[" "na.omit.data.frame" "na.omit" ".External2" "model.frame.default" "stats::model.frame" "eval" "eval" "glm" "summary" 
"[[" "model.frame.default" "stats::model.frame" "eval" "eval" "glm" "summary" 
"glm" "summary" 
"length" "length" "data.frame" 
"make.names" "data.frame" 
".External" "terms.formula" "terms" "model.frame.default" "stats::model.frame" "eval" "eval" "glm" "summary" 
"model.frame.default" "stats::model.frame" "eval" "eval" "glm" "summary" 
"[.data.frame" "[" "na.omit.data.frame" "na.omit" ".External2" "model.frame.default" "stats::model.frame" "eval" "eval" "glm" "summary" 
"$" "match" "%in%" "summary.glm" "summary" 
"$" "residuals.glm" "residuals" "summary.glm" "summary" 
"as.data.frame" "data.frame" 
".getNamespaceInfo" "getExportedValue" "::" "eval" "eval" "glm" "summary" 
"%in%" "[.data.frame" "[" "na.omit.data.frame" "na.omit" ".External2" "model.frame.default" "stats::model.frame" "eval" "eval" "glm" "summary" 
"pmatch" ".deparseOpts" "deparse" "paste" "FUN" "lapply" "sapply" "match" "model.matrix.default" "model.matrix" "glm" "summary" 
"as.vector" "glm" "summary" 
"is.atomic" "ifelse" "dev.resids" "glm.fit" "eval" "eval" "glm" "summary" 
"as.matrix" "glm.fit" "eval" "eval" "glm" "summary" 
"match" "%in%" ".deparseOpts" "deparse" "paste" "FUN" "lapply" "sapply" "match" "model.matrix.default" "model.matrix" "glm" "summary" 
"match" "%in%" ".deparseOpts" "deparse" "paste" "FUN" "lapply" "sapply" "match" "model.matrix.default" "model.matrix" "glm" "summary" 
"match" "%in%" ".deparseOpts" "deparse" "paste" "FUN" "lapply" "sapply" "match" "model.matrix.default" "model.matrix" "glm" "summary" 
"match" "%in%" ".deparseOpts" "deparse" "paste" "FUN" "lapply" "sapply" "match" "model.matrix.default" "model.matrix" "glm" "summary" 
"match" "%in%" ".deparseOpts" "deparse" "paste" "FUN" "lapply" "sapply" "match" "model.matrix.default" "model.matrix" "glm" "summary" 
"length" "length" "dim.data.frame" "dim" "dim" "ncol" "model.matrix.default" "model.matrix" "glm" "summary" 
"<Anonymous>" "[[.data.frame" "[[" "$.data.frame" "$" "model.offset" "as.vector" "glm" "summary" 
"glm.fit" "eval" "eval" "glm" "summary" 
"names" "names" "match" "summary.glm" "summary" 
"as.list" "vapply" "model.frame.default" "stats::model.frame" "eval" "eval" "glm" "summary" 
"aic" "glm.fit" "eval" "eval" "glm" "summary" 
"data.frame" 
"vapply" "model.matrix.default" "model.matrix" "glm" "summary" 
"c" "match" "summary.glm" "summary" 
"model.matrix.default" "model.matrix" "glm" "summary" 
"$" "summary.glm" "summary" 
"ifelse" "dev.resids" "glm.fit" "eval" "eval" "glm" "summary" 
".External" "terms.formula" "terms" "model.frame.default" "stats::model.frame" "eval" "eval" "glm" "summary" 
"c" "structure" "glm.fit" "eval" "eval" "glm" "summary" 
"unique" "simplify2array" "sapply" "match" "model.matrix.default" "model.matrix" "glm" "summary" 
"deparse" "mode" "match" "%in%" "deparse" "paste" "force" "as.data.frame.numeric" "as.data.frame" "data.frame" 
"model.matrix.default" "model.matrix" "glm" "summary" 
"sys.call" "match.call" "glm" "summary" 
"deparse" "paste" "FUN" "lapply" "sapply" ".getXlevels" "glm" "summary" 
"unique.default" "unique" "simplify2array" "sapply" "match" "model.matrix.default" "model.matrix" "glm" "summary" 
"%in%" "[[.data.frame" "[[" "model.response" "glm" "summary" 
"structure" "as.data.frame.numeric" "as.data.frame" "data.frame" 
"glm.fit" "eval" "eval" "glm" "summary" 
"any" "eval" "eval" "glm.fit" "eval" "eval" "glm" "summary" 
