line profiling: sample.interval=1000
#File 1: 
"order" "make.names" "data.frame" 1#2 
"order" "make.names" "data.frame" 1#2 
"order" "make.names" "data.frame" 1#2 
"order" "make.names" "data.frame" 1#2 
"$" "eval" "glm.fit" "eval" "eval" "glm" "summary" 1#6 
".Call" "glm.fit" "eval" "eval" "glm" "summary" 1#7 
"glm.fit" "eval" "eval" "glm" "summary" 1#6 
"lapply" "sapply" ".getXlevels" "glm" "summary" 1#7 
"chol2inv" "summary.glm" "summary" 1#7 
"[[" "[.data.frame" "[" "na.omit.data.frame" "na.omit" ".External2" "model.frame.default" "stats::model.frame" "eval" "eval" "glm" "summary" 1#6 
"chol2inv" "summary.glm" "summary" 1#6 
"lapply" "sapply" "diag" "summary.glm" "summary" 1#6 
"chol2inv" "summary.glm" "summary" 1#7 
"match.arg" "residuals.glm" "residuals" "summary.glm" "summary" 1#6 
"-" "deparse" "mode" "match" "%in%" "deparse" "paste" "force" "as.data.frame.numeric" "as.data.frame" "data.frame" 1#2 
".External" "terms.formula" "terms" "model.frame.default" "stats::model.frame" "eval" "eval" "glm" "summary" 1#7 
"match" "%in%" ".deparseOpts" "deparse" "paste" "FUN" "lapply" "sapply" "model.frame.default" "stats::model.frame" "eval" "eval" "glm" "summary" 1#6 
"vapply" "model.matrix.default" "model.matrix" "glm" "summary" 1#7 
"paste" "FUN" "lapply" "sapply" "model.frame.default" "stats::model.frame" "eval" "eval" "glm" "summary" 1#6 
"names" "names" "match" "model.matrix.default" "model.matrix" "glm" "summary" 1#7 
"eval" "model.frame.default" "stats::model.frame" "eval" "eval" "glm" "summary" 1#6 
"match.fun" "lapply" "sapply" "model.frame.default" "stats::model.frame" "eval" "eval" "glm" "summary" 1#7 
"match" "%in%" "deparse" "paste" "force" "as.data.frame.numeric" "as.data.frame" "data.frame" 1#2 
"match" "%in%" "structure" "family" "glm" "summary" 1#7 
"ifelse" "dev.resids" "glm.fit" "eval" "eval" "glm" "summary" 1#7 
".External" "terms.formula" "terms" "model.frame.default" "stats::model.frame" "eval" "eval" "glm" "summary" 1#6 
"as.character" "makepredictcall.default" "makepredictcall" "model.frame.default" "stats::model.frame" "eval" "eval" "glm" "summary" 1#7 
"terms.formula" "terms" "model.frame.default" "stats::model.frame" "eval" "eval" "glm" "summary" 1#6 
"makepredictcall.default" "makepredictcall" "model.frame.default" "stats::model.frame" "eval" "eval" "glm" "summary" 1#7 
"mode" "match" "%in%" "deparse" "mode" "match" "%in%" "deparse" "paste" "FUN" "lapply" "sapply" "model.frame.default" "stats::model.frame" "eval" "eval" "glm" "summary" 1#6 
"deparse" "mode" "match" "%in%" "deparse" "paste" "FUN" "lapply" "sapply" "model.frame.default" "stats::model.frame" "eval" "eval" "glm" "summary" 1#7 
"mode" "match" "%in%" "deparse" "paste" "force" "as.data.frame.numeric" "as.data.frame" "data.frame" 1#2 
"match" "%in%" "deparse" "paste" "FUN" "lapply" "sapply" "model.frame.default" "stats::model.frame" "eval" "eval" "glm" "summary" 1#7 
"[.data.frame" "[" "na.omit.data.frame" "na.omit" ".External2" "model.frame.default" "stats::model.frame" "eval" "eval" "glm" "summary" 1#6 
"$" "unless.null" "glm.fit" "eval" "eval" "glm" "summary" 1#7 
".Call" "glm.fit" "eval" "eval" "glm" "summary" 1#6 
"vapply" ".getXlevels" "glm" "summary" 1#7 
"match.fun" "vapply" ".getXlevels" "glm" "summary" 1#6 
"as.data.frame" "data.frame" 1#2 
"na.omit" ".External2" "model.frame.default" "stats::model.frame" "eval" "eval" "glm" "summary" 1#7 
"[" "na.omit.data.frame" "na.omit" ".External2" "model.frame.default" "stats::model.frame" "eval" "eval" "glm" "summary" 1#6 
"lapply" "sapply" "match" "model.matrix.default" "model.matrix" "glm" "summary" 1#7 
"chol2inv" "summary.glm" "summary" 1#7 
"chol2inv" "summary.glm" "summary" 1#7 
"pmatch" ".deparseOpts" "deparse" "paste" "FUN" "lapply" "sapply" "match" "model.matrix.default" "model.matrix" "glm" "summary" 1#6 
"chol2inv" "summary.glm" "summary" 1#6 
"<Anonymous>" "pmax" "residuals.glm" "residuals" "summary.glm" "summary" 1#6 
"match" "%in%" "structure" "as.data.frame.numeric" "as.data.frame" "data.frame" 1#2 
"%in%" "[[.data.frame" "[[" "model.response" "glm" "summary" 1#7 
"model.extract" "glm" "summary" 1#6 
"summary.glm" "summary" 1#7 
"names" "names" "match" "summary.glm" "summary" 1#6 
"match.fun" "vapply" "order" "make.names" "data.frame" 1#2 
"ifelse" "residuals.glm" "residuals" "summary.glm" "summary" 1#6 
"c" "summary.glm" "summary" 1#7 
"glm.fit" "eval" "eval" "glm" "summary" 1#6 
"glm.fit" "eval" "eval" "glm" "summary" 1#7 
"ifelse" "dev.resids" "glm.fit" "eval" "eval" "glm" "summary" 1#6 
"summary.glm" "summary" 1#7 
"FUN" "vapply" "pmax" "residuals.glm" "residuals" "summary.glm" "summary" 1#6 
"structure" "as.data.frame.numeric" "as.data.frame" "data.frame" 1#2 
"match" "%in%" ".deparseOpts" "deparse" "paste" "FUN" "lapply" "sapply" ".getXlevels" "glm" "summary" 1#6 
"anyDuplicated" "[.data.frame" "[" "na.omit.data.frame" "na.omit" ".External2" "model.frame.default" "stats::model.frame" "eval" "eval" "glm" "summary" 1#6 
"pmatch" ".deparseOpts" "deparse" "paste" "FUN" "lapply" "sapply" "match" "model.matrix.default" "model.matrix" "glm" "summary" 1#7 
"match" "%in%" "[[.data.frame" "[[" "model.matrix.default" "model.matrix" "glm" "summary" 1#7 
"data.frame" 1#2 
".External2" "model.frame.default" "stats::model.frame" "eval" "eval" "glm" "summary" 1#7 
"match" "model.matrix.default" "model.matrix" "glm" "summary" 1#6 
"ifelse" "dev.resids" "glm.fit" "eval" "eval" "glm" "summary" 1#7 
"ifelse" "dev.resids" "glm.fit" "eval" "eval" "glm" "summary" 1#6 
"dev.resids" "glm.fit" "eval" "eval" "glm" "summary" 1#7 
"attr" "glm" "summary" 1#6 
"data.frame" 1#2 
"model.matrix.default" "model.matrix" "glm" "summary" 1#7 
"$.data.frame" "$" "model.offset" "as.vector" "glm" "summary" 1#6 
"vapply" ".getXlevels" "glm" "summary" 1#7 
"mostattributes<-" "pmax" "residuals.glm" "residuals" "summary.glm" "summary" 1#6 
"as.list" "lapply" "sapply" "model.frame.default" "stats::model.frame" "eval" "eval" "glm" "summary" 1#6 
"model.extract" "glm" "summary" 1#7 
"<Anonymous>" "[[.data.frame" "[[" "[.data.frame" "[" "na.omit.data.frame" "na.omit" ".External2" "model.frame.default" "stats::model.frame" "eval" "eval" "glm" "summary" 1#6 
"model.matrix.default" "model.matrix" "glm" "summary" 1#7 
"[[.data.frame" "[[" "model.matrix.default" "model.matrix" "glm" "summary" 1#6 
"glm.fit" "eval" "eval" "glm" "summary" 1#7 
"dim" "NCOL" "chol2inv" "summary.glm" "summary" 1#6 
"is.expression" "mode" "match" "%in%" "deparse" "mode" "match" "%in%" "deparse" "paste" "force" "as.data.frame.numeric" "as.data.frame" "data.frame" 1#2 
"linkinv" "glm.fit" "eval" "eval" "glm" "summary" 1#6 
"$" "summary.glm" "summary" 1#7 
"stats::model.frame" "eval" "eval" "glm" "summary" 1#7 
"is.na" "na.omit.data.frame" "na.omit" ".External2" "model.frame.default" "stats::model.frame" "eval" "eval" "glm" "summary" 1#6 
"vapply" "model.matrix.default" "model.matrix" "glm" "summary" 1#7 
"[[.data.frame" "[[" "$.data.frame" "$" "model.weights" "as.vector" "glm" "summary" 1#6 
"glm.fit" "eval" "eval" "glm" "summary" 1#7 
"eval" "glm.fit" "eval" "eval" "glm" "summary" 1#6 
"glm.fit" "eval" "eval" "glm" "summary" 1#7 
"coef.default" "coef" "summary.glm" "summary" 1#6 
"c" "summary.glm" "summary" 1#7 
"$" "summary.glm" "summary" 1#6 
"parent.frame" "do.call" "glm" "summary" 1#6 
"summary.glm" "summary" 1#7 
"attributes" "structure" "make.link" "family" "glm" "summary" 1#7 
".deparseOpts" "deparse" "paste" "FUN" "lapply" "sapply" "match" "model.matrix.default" "model.matrix" "glm" "summary" 1#6 
"lapply" "sapply" ".getXlevels" "glm" "summary" 1#7 
"c" "match" "%in%" "deparse" "mode" "match" "%in%" "deparse" "paste" "FUN" "lapply" "sapply" "match" "model.matrix.default" "model.matrix" "glm" "summary" 1#7 
"is.factor" "unique.default" "unique" "simplify2array" "sapply" ".getXlevels" "glm" "summary" 1#6 
"length" "is.empty.model" "glm" "summary" 1#6 
"structure" "glm.fit" "eval" "eval" "glm" "summary" 1#7 
"na.omit.data.frame" "na.omit" ".External2" "model.frame.default" "stats::model.frame" "eval" "eval" "glm" "summary" 1#7 
"paste" "FUN" "lapply" "sapply" ".getXlevels" "glm" "summary" 1#6 
"deparse" "paste" "FUN" "lapply" "sapply" "match" "model.matrix.default" "model.matrix" "glm" "summary" 1#6 
"match" "%in%" "[[.data.frame" "[[" "model.extract" "glm" "summary" 1#7 
".Call" "glm.fit" "eval" "eval" "glm" "summary" 1#6 
"glm.fit" "eval" "eval" "glm" "summary" 1#7 
"glm.fit" "eval" "eval" "glm" "summary" 1#6 
"names" "names" "match" "summary.glm" "summary" 1#7 
".External" "terms.formula" "terms" "model.frame.default" "stats::model.frame" "eval" "eval" "glm" "summary" 1#7 
"logical" "na.omit.data.frame" "na.omit" ".External2" "model.frame.default" "stats::model.frame" "eval" "eval" "glm" "summary" 1#6 
"match" "%in%" "structure" "as.data.frame.numeric" "as.data.frame" "data.frame" 1#2 
"deparse" "paste" "FUN" "lapply" "sapply" ".getXlevels" "glm" "summary" 1#7 
"unless.null" "glm.fit" "eval" "eval" "glm" "summary" 1#7 
"match" "%in%" "[.data.frame" "[" "na.omit.data.frame" "na.omit" ".External2" "model.frame.default" "stats::model.frame" "eval" "eval" "glm" "summary" 1#7 
"match" "summary.glm" "summary" 1#6 
"glm.fit" "eval" "eval" "glm" "summary" 1#6 
"terms" "model.matrix.default" "model.matrix" "glm" "summary" 1#6 
"model.frame.default" "stats::model.frame" "eval" "eval" "glm" "summary" 1#6 
"ifelse" "dev.resids" "glm.fit" "eval" "eval" "glm" "summary" 1#7 
"ifelse" "<Anonymous>" "pmax" "residuals.glm" "residuals" "summary.glm" "summary" 1#6 
"sys.parent" "sys.function" "match.call" "glm" "summary" 1#6 
"$" "summary.glm" "summary" 1#7 
"model.frame.default" "stats::model.frame" "eval" "eval" "glm" "summary" 1#7 
"[[.data.frame" "[[" "model.extract" "glm" "summary" 1#6 
"ifelse" "dev.resids" "glm.fit" "eval" "eval" "glm" "summary" 1#7 
"glm.fit" "eval" "eval" "glm" "summary" 1#6 
"as.list" "vapply" "model.frame.default" "stats::model.frame" "eval" "eval" "glm" "summary" 1#6 
"ifelse" "residuals.glm" "residuals" "summary.glm" "summary" 1#7 
"glm" "summary" 1#7 
"FUN" "lapply" "sapply" "match" "model.matrix.default" "model.matrix" "glm" "summary" 1#6 
"is.finite" "valideta" "glm.fit" "eval" "eval" "glm" "summary" 1#7 
"paste" "FUN" "lapply" "sapply" ".getXlevels" "glm" "summary" 1#6 
"coef" "summary.glm" "summary" 1#7 
"match" "%in%" "[[.data.frame" "[[" "model.frame.default" "stats::model.frame" "eval" "eval" "glm" "summary" 1#7 
"match.fun" "lapply" "sapply" "model.frame.default" "stats::model.frame" "eval" "eval" "glm" "summary" 1#6 
"residuals" "summary.glm" "summary" 1#6 
"is.atomic" "na.omit.data.frame" "na.omit" ".External2" "model.frame.default" "stats::model.frame" "eval" "eval" "glm" "summary" 1#6 
"names" "names" "[.data.frame" "[" "lapply" ".getXlevels" "glm" "summary" 1#7 
"model.frame.default" "stats::model.frame" "eval" "eval" "glm" "summary" 1#7 
"vapply" ".getXlevels" "glm" "summary" 1#6 
"terms" "model.matrix.default" "model.matrix" "glm" "summary" 1#6 
"data.frame" 1#2 
"glm.fit" "eval" "eval" "glm" "summary" 1#7 
"<Anonymous>" "[[.data.frame" "[[" "na.omit.data.frame" "na.omit" ".External2" "model.frame.default" "stats::model.frame" "eval" "eval" "glm" "summary" 1#7 
"model.extract" "glm" "summary" 1#6 
"list" "glm.control" "do.call" "glm.fit" "eval" "eval" "glm" "summary" 1#7 
"dev.resids" "glm.fit" "eval" "eval" "glm" "summary" 1#6 
"match.fun" "lapply" "unlist" "order" "make.names" "data.frame" 1#2 
"glm.fit" "eval" "eval" "glm" "summary" 1#7 
"deparse" "paste" "FUN" "lapply" "sapply" ".getXlevels" "glm" "summary" 1#6 
"match.call" "glm" "summary" 1#6 
"/" "linkinv" "glm.fit" "eval" "eval" "glm" "summary" 1#7 
"makepredictcall" "model.frame.default" "stats::model.frame" "eval" "eval" "glm" "summary" 1#7 
"pmatch" ".deparseOpts" "deparse" "paste" "FUN" "lapply" "sapply" ".getXlevels" "glm" "summary" 1#6 
"as.data.frame.numeric" "as.data.frame" "data.frame" 1#2 
"dev.resids" "glm.fit" "eval" "eval" "glm" "summary" 1#7 
"lapply" "sapply" ".getXlevels" "glm" "summary" 1#6 
"as.character" "structure" "as.data.frame.numeric" "as.data.frame" "data.frame" 1#2 
".deparseOpts" "deparse" "paste" "FUN" "lapply" "sapply" "model.frame.default" "stats::model.frame" "eval" "eval" "glm" "summary" 1#7 
"deparse" "paste" "FUN" "lapply" "sapply" "model.frame.default" "stats::model.frame" "eval" "eval" "glm" "summary" 1#6 
"na.omit.data.frame" "na.omit" ".External2" "model.frame.default" "stats::model.frame" "eval" "eval" "glm" "summary" 1#7 
"glm.fit" "eval" "eval" "glm" "summary" 1#6 
"match" "structure" "as.data.frame.numeric" "as.data.frame" "data.frame" 1#2 
"[[" "[.data.frame" "[" "na.omit.data.frame" "na.omit" ".External2" "model.frame.default" "stats::model.frame" "eval" "eval" "glm" "summary" 1#7 
"match" "%in%" "deparse" "paste" "FUN" "lapply" "sapply" "match" "model.matrix.default" "model.matrix" "glm" "summary" 1#6 
"is.factor" "FUN" "lapply" ".getXlevels" "glm" "summary" 1#7 
"[[.data.frame" "[[" "na.omit.data.frame" "na.omit" ".External2" "model.frame.default" "stats::model.frame" "eval" "eval" "glm" "summary" 1#7 
"glm.fit" "eval" "eval" "glm" "summary" 1#6 
"pmatch" ".deparseOpts" "deparse" "mode" "match" "%in%" "deparse" "paste" "force" "as.data.frame.numeric" "as.data.frame" "data.frame" 1#2 
"getOption" "model.frame.default" "stats::model.frame" "eval" "eval" "glm" "summary" 1#7 
