sample.interval=1000
"lazyLoadDBfetch" "eval" "eval" "glm" "summary" 
"all" "validmu" "glm.fit" "eval" "eval" "glm" "summary" 
"deparse" "paste" "FUN" "lapply" "sapply" ".getXlevels" "glm" "summary" 
"lazyLoadDBfetch" "residuals" "summary.glm" "summary" 
"ifelse" "dev.resids" "glm.fit" "eval" "eval" "glm" "summary" 
"any" "model.matrix.default" "model.matrix" "glm" "summary" 
"vapply" "model.matrix.default" "model.matrix" "glm" "summary" 
"paste" "FUN" "lapply" "sapply" ".getXlevels" "glm" "summary" 
"valideta" "glm.fit" "eval" "eval" "glm" "summary" 
"match" "%in%" "[[.data.frame" "[[" "model.frame.default" "stats::model.frame" "eval" "eval" "glm" "summary" 
"structure" "as.data.frame.numeric" "as.data.frame" "data.frame" 
"deparse" "paste" "FUN" "lapply" "sapply" ".getXlevels" "glm" "summary" 
"as.matrix" "glm.fit" "eval" "eval" "glm" "summary" 
"ifelse" "residuals.glm" "residuals" "summary.glm" "summary" 
"qr.lm" "summary.glm" "summary" 
"match" "%in%" "deparse" "paste" "FUN" "lapply" "sapply" "match" "model.matrix.default" "model.matrix" "glm" "summary" 
"match" "%in%" "deparse" "paste" "FUN" "lapply" "sapply" "match" "model.matrix.default" "model.matrix" "glm" "summary" 
"$" "glm.fit" "eval" "eval" "glm" "summary" 
"all" "valideta" "glm.fit" "eval" "eval" "glm" "summary" 
"variance" "glm.fit" "eval" "eval" "glm" "summary" 
"[[" "model.matrix.default" "model.matrix" "glm" "summary" 
"match" "%in%" "[[.data.frame" "[[" "$.data.frame" "$" "model.weights" "as.vector" "glm" "summary" 
"glm.fit" "eval" "eval" "glm" "summary" 
"makepredictcall.default" "makepredictcall" "model.frame.default" "stats::model.frame" "eval" "eval" "glm" "summary" 
".row_names_info" "data.frame" 
"paste" "FUN" "lapply" "sapply" ".getXlevels" "glm" "summary" 
".External" "terms.formula" "terms" "model.frame.default" "stats::model.frame" "eval" "eval" "glm" "summary" 
"list" "structure" "make.link" "family" "glm" "summary" 
"names" "names" "[.data.frame" "[" "lapply" ".getXlevels" "glm" "summary" 
".External2" "model.matrix.default" "model.matrix" "glm" "summary" 
"summary.glm" "summary" 
"[.data.frame" "[" "lapply" ".getXlevels" "glm" "summary" 
"glm.fit" "eval" "eval" "glm" "summary" 
"[[.data.frame" "[[" "$.data.frame" "$" "model.weights" "as.vector" "glm" "summary" 
"sum" ".deparseOpts" "deparse" "paste" "FUN" "lapply" "sapply" "match" "model.matrix.default" "model.matrix" "glm" "summary" 
"<Anonymous>" "[[.data.frame" "[[" "model.extract" "glm" "summary" 
"ifelse" "dev.resids" "glm.fit" "eval" "eval" "glm" "summary" 
"model.frame.default" "stats::model.frame" "eval" "eval" "glm" "summary" 
"as.character" "pmatch" ".deparseOpts" "deparse" "mode" "match" "%in%" "deparse" "paste" "FUN" "lapply" "sapply" ".getXlevels" "glm" "summary" 
"model.response" "glm" "summary" 
"simplify2array" "sapply" "model.frame.default" "stats::model.frame" "eval" "eval" "glm" "summary" 
"as.data.frame" "data.frame" 
"pmatch" ".deparseOpts" "deparse" "paste" "FUN" "lapply" "sapply" ".getXlevels" "glm" "summary" 
"ifelse" "residuals.glm" "residuals" "summary.glm" "summary" 
"validmu" "glm.fit" "eval" "eval" "glm" "summary" 
"glm.fit" "eval" "eval" "glm" "summary" 
"glm" "summary" 
"[" "na.omit.data.frame" "na.omit" ".External2" "model.frame.default" "stats::model.frame" "eval" "eval" "glm" "summary" 
"structure" "as.data.frame.numeric" "as.data.frame" "data.frame" 
"match.fun" "sapply" "diag" "summary.glm" "summary" 
"chol2inv" "summary.glm" "summary" 
"lapply" "sapply" ".getXlevels" "glm" "summary" 
"chol2inv" "summary.glm" "summary" 
"list" "glm" "summary" 
"chol2inv" "summary.glm" "summary" 
"as.vector" "glm" "summary" 
"chol2inv" "summary.glm" "summary" 
"model.matrix" "glm" "summary" 
"pt" "summary.glm" "summary" 
".getXlevels" "glm" "summary" 
"%in%" "[[.data.frame" "[[" "model.matrix.default" "model.matrix" "glm" "summary" 
"mu.eta" "glm.fit" "eval" "eval" "glm" "summary" 
"unlist" "simplify2array" "sapply" "match" "model.matrix.default" "model.matrix" "glm" "summary" 
"glm.fit" "eval" "eval" "glm" "summary" 
"attr" "model.matrix.default" "model.matrix" "glm" "summary" 
"terms.formula" "terms" "model.frame.default" "stats::model.frame" "eval" "eval" "glm" "summary" 
"paste" "FUN" "lapply" "sapply" "match" "model.matrix.default" "model.matrix" "glm" "summary" 
"glm.fit" "eval" "eval" "glm" "summary" 
"%in%" ".deparseOpts" "deparse" "paste" "FUN" "lapply" "sapply" ".getXlevels" "glm" "summary" 
"%in%" "deparse" "paste" "FUN" "lapply" "sapply" "model.frame.default" "stats::model.frame" "eval" "eval" "glm" "summary" 
"na.omit.data.frame" "na.omit" ".External2" "model.frame.default" "stats::model.frame" "eval" "eval" "glm" "summary" 
"ifelse" "dev.resids" "glm.fit" "eval" "eval" "glm" "summary" 
"summary.glm" "summary" 
"glm.fit" "eval" "eval" "glm" "summary" 
"pmatch" ".deparseOpts" "deparse" "paste" "force" "as.data.frame.numeric" "as.data.frame" "data.frame" 
"mode" "match" "%in%" "deparse" "mode" "match" "%in%" "deparse" "paste" "FUN" "lapply" "sapply" "model.frame.default" "stats::model.frame" "eval" "eval" "glm" "summary" 
".External2" "model.matrix.default" "model.matrix" "glm" "summary" 
"$" "glm.fit" "eval" "eval" "glm" "summary" 
"eval" "glm" "summary" 
".deparseOpts" "deparse" "paste" "FUN" "lapply" "sapply" ".getXlevels" "glm" "summary" 
"[" "summary.glm" "summary" 
"data.frame" 
"names" "summary.glm" "summary" 
".External" "terms.formula" "terms" "model.frame.default" "stats::model.frame" "eval" "eval" "glm" "summary" 
"as.list.data.frame" "as.list" "vapply" "model.frame.default" "stats::model.frame" "eval" "eval" "glm" "summary" 
"data.frame" 
"valideta" "glm.fit" "eval" "eval" "glm" "summary" 
"deparse" "paste" "FUN" "lapply" "sapply" "model.frame.default" "stats::model.frame" "eval" "eval" "glm" "summary" 
".getXlevels" "glm" "summary" 
"structure" "make.link" "family" "glm" "summary" 
"deparse" "paste" "FUN" "lapply" "sapply" "model.frame.default" "stats::model.frame" "eval" "eval" "glm" "summary" 
"[[.data.frame" "[[" "model.matrix.default" "model.matrix" "glm" "summary" 
"[[.data.frame" "[[" "model.extract" "glm" "summary" 
".deparseOpts" "deparse" "mode" "match" "%in%" "deparse" "paste" "force" "as.data.frame.numeric" "as.data.frame" "data.frame" 
"[.data.frame" "[" "na.omit.data.frame" "na.omit" ".External2" "model.frame.default" "stats::model.frame" "eval" "eval" "glm" "summary" 
"match" "%in%" "[[.data.frame" "[[" "model.frame.default" "stats::model.frame" "eval" "eval" "glm" "summary" 
"c" "pmatch" ".deparseOpts" "deparse" "paste" "FUN" "lapply" "sapply" "match" "model.matrix.default" "model.matrix" "glm" "summary" 
"match" "%in%" ".deparseOpts" "deparse" "paste" "FUN" "lapply" "sapply" "match" "model.matrix.default" "model.matrix" "glm" "summary" 
"vapply" ".getXlevels" "glm" "summary" 
"glm.fit" "eval" "eval" "glm" "summary" 
"summary.glm" "summary" 
"residuals.glm" "residuals" "summary.glm" "summary" 
"c" "glm" "summary" 
"match" "%in%" "deparse" "paste" "FUN" "lapply" "sapply" "model.frame.default" "stats::model.frame" "eval" "eval" "glm" "summary" 
"as.list" "vapply" "model.matrix.default" "model.matrix" "glm" "summary" 
"lapply" "sapply" "match" "model.matrix.default" "model.matrix" "glm" "summary" 
".Call" "glm.fit" "eval" "eval" "glm" "summary" 
"$" "residuals.glm" "residuals" "summary.glm" "summary" 
"ifelse" "dev.resids" "glm.fit" "eval" "eval" "glm" "summary" 
"make.names" "data.frame" 
"match" "%in%" "[[.data.frame" "[[" "model.extract" "glm" "summary" 
"getNamespace" "asNamespace" "getExportedValue" "::" "eval" "eval" "glm" "summary" 
"colnames<-" "glm.fit" "eval" "eval" "glm" "summary" 
"chol2inv" "summary.glm" "summary" 
"chol2inv" "summary.glm" "summary" 
"valideta" "glm.fit" "eval" "eval" "glm" "summary" 
"pmatch" ".deparseOpts" "deparse" "paste" "FUN" "lapply" "sapply" ".getXlevels" "glm" "summary" 
"glm.fit" "eval" "eval" "glm" "summary" 
"match" "%in%" ".deparseOpts" "deparse" "paste" "FUN" "lapply" "sapply" ".getXlevels" "glm" "summary" 
"is.na" "ifelse" "dev.resids" "glm.fit" "eval" "eval" "glm" "summary" 
"NextMethod" "[.data.frame" "[" "lapply" ".getXlevels" "glm" "summary" 
"mostattributes<-" "pmax" "residuals.glm" "residuals" "summary.glm" "summary" 
".External" "terms.formula" "terms" "model.frame.default" "stats::model.frame" "eval" "eval" "glm" "summary" 
"sys.call" "match" "%in%" "[[.data.frame" "[[" "model.frame.default" "stats::model.frame" "eval" "eval" "glm" "summary" 
"deparse" "paste" "force" "as.data.frame.numeric" "as.data.frame" "data.frame" 
"model.frame.default" "stats::model.frame" "eval" "eval" "glm" "summary" 
"model.matrix" "glm" "summary" 
"ifelse" "dev.resids" "glm.fit" "eval" "eval" "glm" "summary" 
"match.arg" "residuals.glm" "residuals" "summary.glm" "summary" 
".External" "terms.formula" "terms" "model.frame.default" "stats::model.frame" "eval" "eval" "glm" "summary" 
"unique.default" "unique" "simplify2array" "sapply" ".getXlevels" "glm" "summary" 
"unique.default" "unique" "simplify2array" "sapply" ".getXlevels" "glm" "summary" 
"unique.default" "unique" "simplify2array" "sapply" ".getXlevels" "glm" "summary" 
"unique.default" "unique" "simplify2array" "sapply" ".getXlevels" "glm" "summary" 
"[" "lapply" ".getXlevels" "glm" "summary" 
"NCOL" "chol2inv" "summary.glm" "summary" 
"c" "structure" "make.link" "family" "glm" "summary" 
"model.frame.default" "stats::model.frame" "eval" "eval" "glm" "summary" 
"any" "glm.fit" "eval" "eval" "glm" "summary" 
"dgamma" "aic" "glm.fit" "eval" "eval" "glm" "summary" 
"data.frame" 
"attr" "model.frame.default" "stats::model.frame" "eval" "eval" "glm" "summary" 
"make.names" "data.frame" 
"chol2inv" "summary.glm" "summary" 
"-" "deparse" "paste" "FUN" "lapply" "sapply" ".getXlevels" "glm" "summary" 
"deparse" "paste" "FUN" "lapply" "sapply" ".getXlevels" "glm" "summary" 
"pmax" "residuals.glm" "residuals" "summary.glm" "summary" 
"dev.resids" "glm.fit" "eval" "eval" "glm" "summary" 
"pmatch" ".deparseOpts" "deparse" "paste" "FUN" "lapply" "sapply" ".getXlevels" "glm" "summary" 
"summary.glm" "summary" 
"structure" "as.data.frame.numeric" "as.data.frame" "data.frame" 
"c" "match" "%in%" "deparse" "mode" "match" "%in%" "deparse" "paste" "FUN" "lapply" "sapply" "match" "model.matrix.default" "model.matrix" "glm" "summary" 
"glm.fit" "eval" "eval" "glm" "summary" 
"<Anonymous>" "pmax" "residuals.glm" "residuals" "summary.glm" "summary" 
"unique.default" "unique" "simplify2array" "sapply" "model.frame.default" "stats::model.frame" "eval" "eval" "glm" "summary" 
"as.character" "model.response" "glm" "summary" 
"structure" "glm.fit" "eval" "eval" "glm" "summary" 
"summary.glm" "summary" 
"<Anonymous>" "pmax" "residuals.glm" "residuals" "summary.glm" "summary" 
"glm.fit" "eval" "eval" "glm" "summary" 
"residuals.glm" "residuals" "summary.glm" "summary" 
"sys.function" "match.call" "glm" "summary" 
"deparse" "mode" "match" "%in%" "deparse" "paste" "force" "as.data.frame.numeric" "as.data.frame" "data.frame" 
"is.function" "match.fun" "lapply" "sapply" "model.frame.default" "stats::model.frame" "eval" "eval" "glm" "summary" 
"match" "%in%" ".deparseOpts" "deparse" "paste" "FUN" "lapply" "sapply" "model.frame.default" "stats::model.frame" "eval" "eval" "glm" "summary" 
"is.finite" "validmu" "glm.fit" "eval" "eval" "glm" "summary" 
"terms.formula" "terms" "model.frame.default" "stats::model.frame" "eval" "eval" "glm" "summary" 
"ifelse" "dev.resids" "glm.fit" "eval" "eval" "glm" "summary" 
"all" "[[.data.frame" "[[" "na.omit.data.frame" "na.omit" ".External2" "model.frame.default" "stats::model.frame" "eval" "eval" "glm" "summary" 
"lapply" "sapply" "diag" "summary.glm" "summary" 
"sys.call" "match" "%in%" "[[.data.frame" "[[" "$.data.frame" "$" "model.weights" "as.vector" "glm" "summary" 
"family" "glm" "summary" 
"glm.fit" "eval" "eval" "glm" "summary" 
"lapply" "sapply" ".getXlevels" "glm" "summary" 
"vapply" ".getXlevels" "glm" "summary" 
".set_row_names" "as.data.frame.numeric" "as.data.frame" "data.frame" 
"na.omit.data.frame" "na.omit" ".External2" "model.frame.default" "stats::model.frame" "eval" "eval" "glm" "summary" 
"deparse" "mode" "match" "%in%" "deparse" "paste" "FUN" "lapply" "sapply" "match" "model.matrix.default" "model.matrix" "glm" "summary" 
"ifelse" "dev.resids" "glm.fit" "eval" "eval" "glm" "summary" 
"ifelse" "dev.resids" "glm.fit" "eval" "eval" "glm" "summary" 
"pt" "summary.glm" "summary" 
"match" "%in%" "deparse" "paste" "FUN" "lapply" "sapply" "model.frame.default" "stats::model.frame" "eval" "eval" "glm" "summary" 
"as.list" "lapply" "sapply" "match" "model.matrix.default" "model.matrix" "glm" "summary" 
"paste" "FUN" "lapply" "sapply" ".getXlevels" "glm" "summary" 
"$" "NCOL" "summary.glm" "summary" 
".row_names_info" "model.frame.default" "stats::model.frame" "eval" "eval" "glm" "summary" 
"ifelse" "dev.resids" "glm.fit" "eval" "eval" "glm" "summary" 
"length" "ifelse" "dev.resids" "glm.fit" "eval" "eval" "glm" "summary" 
"match.fun" "lapply" "unlist" "order" "make.names" "data.frame" 
"pmatch" ".deparseOpts" "deparse" "mode" "match" "%in%" "deparse" "paste" "FUN" "lapply" "sapply" "match" "model.matrix.default" "model.matrix" "glm" "summary" 
"[[" "$.data.frame" "$" "model.weights" "as.vector" "glm" "summary" 
"match" "%in%" ".deparseOpts" "deparse" "mode" "match" "%in%" "deparse" "paste" "FUN" "lapply" "sapply" ".getXlevels" "glm" "summary" 
"$" "glm.fit" "eval" "eval" "glm" "summary" 
