GC profiling: line profiling: sample.interval=1000
#File 1: 
"$" "glm.fit" "eval" "eval" "glm" "summary" 1#6 
".Call" "glm.fit" "eval" "eval" "glm" "summary" 1#6 
"paste0" "<Anonymous>" "[[.data.frame" "[[" "model.extract" "glm" "summary" 1#6 
"attr" "is.empty.model" "glm" "summary" 1#6 
"match" "%in%" "deparse" "mode" "match" "%in%" "deparse" "paste" "FUN" "lapply" "sapply" "model.frame.default" "<Anonymous>" "eval" "eval" "glm" "summary" 1#6 
"unique" "simplify2array" "sapply" ".getXlevels" "glm" "summary" 1#7 
"all" "validmu" "glm.fit" "eval" "eval" "glm" "summary" 1#7 
"match" "%in%" "deparse" "paste" "FUN" "lapply" "sapply" "model.frame.default" "<Anonymous>" "eval" "eval" "glm" "summary" 1#7 
".Call" "glm.fit" "eval" "eval" "glm" "summary" 1#6 
"<GC>" "as.list" "lapply" "sapply" ".getXlevels" "glm" "summary" 1#7 
"glm" "summary" 1#6 
"is.factor" "FUN" "vapply" "model.matrix.default" "model.matrix" "glm" "summary" 1#6 
"terms.formula" "terms" "model.frame.default" "<Anonymous>" "eval" "eval" "glm" "summary" 1#6 
"sum" ".deparseOpts" "deparse" "mode" "match" "%in%" "deparse" "paste" "FUN" "lapply" "sapply" "model.frame.default" "<Anonymous>" "eval" "eval" "glm" "summary" 1#6 
"match" "%in%" "structure" "make.link" "family" "glm" "summary" 1#6 
"mostattributes<-" "pmax" "residuals.glm" "residuals" "summary.glm" "summary" 1#7 
"pt" "summary.glm" "summary" 1#7 
"names" "match" "mostattributes<-" "pmax" "residuals.glm" "residuals" "summary.glm" "summary" 1#7 
"as.list" "data.frame" 1#2 
"diag" "summary.glm" "summary" 1#7 
"all" "validmu" "glm.fit" "eval" "eval" "glm" "summary" 1#7 
"glm.fit" "eval" "eval" "glm" "summary" 1#7 
"as.data.frame.numeric" "as.data.frame" "data.frame" 1#2 
"paste0" "<Anonymous>" "[[.data.frame" "[[" "model.extract" "glm" "summary" 1#7 
"simplify2array" "sapply" "model.frame.default" "<Anonymous>" "eval" "eval" "glm" "summary" 1#7 
"ifelse" "residuals.glm" "residuals" "summary.glm" "summary" 1#6 
".deparseOpts" "deparse" "paste" "FUN" "lapply" "sapply" ".getXlevels" "glm" "summary" 1#6 
"as.matrix" "glm.fit" "eval" "eval" "glm" "summary" 1#6 
"vapply" "model.frame.default" "<Anonymous>" "eval" "eval" "glm" "summary" 1#6 
"length" "length" "data.frame" 1#2 
"dev.resids" "glm.fit" "eval" "eval" "glm" "summary" 1#7 
".External2" "model.matrix.default" "model.matrix" "glm" "summary" 1#7 
"model.frame.default" "<Anonymous>" "eval" "eval" "glm" "summary" 1#7 
"model.frame.default" "<Anonymous>" "eval" "eval" "glm" "summary" 1#7 
"match.call" "glm" "summary" 1#6 
"pmax" "residuals.glm" "residuals" "summary.glm" "summary" 1#7 
"list" "glm.fit" "eval" "eval" "glm" "summary" 1#7 
"paste0" "<Anonymous>" "[[.data.frame" "[[" "model.extract" "glm" "summary" 1#7 
"ifelse" "dev.resids" "glm.fit" "eval" "eval" "glm" "summary" 1#7 
"ifelse" "dev.resids" "glm.fit" "eval" "eval" "glm" "summary" 1#7 
"ifelse" "dev.resids" "glm.fit" "eval" "eval" "glm" "summary" 1#7 
"na.omit" ".External2" "model.frame.default" "<Anonymous>" "eval" "eval" "glm" "summary" 1#6 
"model.frame.default" "<Anonymous>" "eval" "eval" "glm" "summary" 1#6 
"glm" "summary" 1#6 
"c" "match" "%in%" "deparse" "paste" "FUN" "lapply" "sapply" ".getXlevels" "glm" "summary" 1#7 
"sys.call" "match" "%in%" "[[.data.frame" "[[" "$.data.frame" "$" "model.weights" "as.vector" "glm" "summary" 1#7 
"eval" "glm" "summary" 1#7 
"match.arg" "residuals.glm" "residuals" "summary.glm" "summary" 1#6 
"match" "structure" "glm.fit" "eval" "eval" "glm" "summary" 1#6 
"unique" "simplify2array" "sapply" "match" "model.matrix.default" "model.matrix" "glm" "summary" 1#6 
"length" "length" "[.data.frame" "[" "na.omit.data.frame" "na.omit" ".External2" "model.frame.default" "<Anonymous>" "eval" "eval" "glm" "summary" 1#6 
"attr" "model.frame.default" "<Anonymous>" "eval" "eval" "glm" "summary" 1#6 
"match" "%in%" ".deparseOpts" "deparse" "paste" "FUN" "lapply" "sapply" "model.frame.default" "<Anonymous>" "eval" "eval" "glm" "summary" 1#6 
"as.list" "data.frame" 1#2 
"paste" "FUN" "lapply" "sapply" ".getXlevels" "glm" "summary" 1#7 
"c" "glm" "summary" 1#7 
"as.list.data.frame" "as.list" "lapply" ".getXlevels" "glm" "summary" 1#7 
"!=" "valideta" "glm.fit" "eval" "eval" "glm" "summary" 1#7 
"model.matrix.default" "model.matrix" "glm" "summary" 1#7 
"model.matrix.default" "model.matrix" "glm" "summary" 1#7 
"model.matrix.default" "model.matrix" "glm" "summary" 1#7 
"as.vector" "glm" "summary" 1#6 
"match" "%in%" "[[.data.frame" "[[" "$.data.frame" "$" "model.offset" "as.vector" "glm" "summary" 1#6 
"na.omit.data.frame" "na.omit" ".External2" "model.frame.default" "<Anonymous>" "eval" "eval" "glm" "summary" 1#6 
"[[.data.frame" "[[" "[.data.frame" "[" "na.omit.data.frame" "na.omit" ".External2" "model.frame.default" "<Anonymous>" "eval" "eval" "glm" "summary" 1#6 
"terms" "is.empty.model" "glm" "summary" 1#6 
"glm.fit" "eval" "eval" "glm" "summary" 1#6 
"coef" "summary.glm" "summary" 1#6 
".deparseOpts" "deparse" "paste" "FUN" "lapply" "sapply" "model.frame.default" "<Anonymous>" "eval" "eval" "glm" "summary" 1#7 
"paste0" "<Anonymous>" "[[.data.frame" "[[" "model.extract" "glm" "summary" 1#7 
"match.fun" "sapply" ".getXlevels" "glm" "summary" 1#7 
"lapply" "sapply" "diag" "summary.glm" "summary" 1#7 
"deparse" "mode" "match" "%in%" "deparse" "paste" "force" "as.data.frame.numeric" "as.data.frame" "data.frame" 1#2 
"[.data.frame" "[" "na.omit.data.frame" "na.omit" ".External2" "model.frame.default" "<Anonymous>" "eval" "eval" "glm" "summary" 1#6 
"names" "match" "%in%" "[[.data.frame" "[[" "$.data.frame" "$" "model.weights" "as.vector" "glm" "summary" 1#6 
"ifelse" "dev.resids" "glm.fit" "eval" "eval" "glm" "summary" 1#6 
"any" ".deparseOpts" "deparse" "mode" "match" "%in%" "deparse" "paste" "FUN" "lapply" "sapply" ".getXlevels" "glm" "summary" 1#6 
"%in%" ".deparseOpts" "deparse" "eval" "match.arg" "residuals.glm" "residuals" "summary.glm" "summary" 1#6 
".deparseOpts" "deparse" "paste" "FUN" "lapply" "sapply" "model.frame.default" "<Anonymous>" "eval" "eval" "glm" "summary" 1#7 
"match" "%in%" "[[.data.frame" "[[" "$.data.frame" "$" "model.weights" "as.vector" "glm" "summary" 1#7 
"glm.fit" "eval" "eval" "glm" "summary" 1#7 
"is.data.frame" "colnames<-" "glm.fit" "eval" "eval" "glm" "summary" 1#6 
"$" "match" "%in%" "summary.glm" "summary" 1#6 
"match" "%in%" "deparse" "paste" "FUN" "lapply" "sapply" "model.frame.default" "<Anonymous>" "eval" "eval" "glm" "summary" 1#7 
"lapply" "sapply" "match" "model.matrix.default" "model.matrix" "glm" "summary" 1#7 
"glm.fit" "eval" "eval" "glm" "summary" 1#7 
"ifelse" "dev.resids" "glm.fit" "eval" "eval" "glm" "summary" 1#7 
"ifelse" "dev.resids" "glm.fit" "eval" "eval" "glm" "summary" 1#7 
"ifelse" "dev.resids" "glm.fit" "eval" "eval" "glm" "summary" 1#7 
"data.frame" 1#2 
"as.list.default" "as.list" "data.frame" 1#2 
"match" "summary.glm" "summary" 1#7 
"cbind" "summary.glm" "summary" 1#7 
"aic" "glm.fit" "eval" "eval" "glm" "summary" 1#7 
"glm.fit" "eval" "eval" "glm" "summary" 1#7 
"%in%" "deparse" "paste" "FUN" "lapply" "sapply" "match" "model.matrix.default" "model.matrix" "glm" "summary" 1#7 
"paste" "FUN" "lapply" "sapply" "match" "model.matrix.default" "model.matrix" "glm" "summary" 1#7 
"[[" "na.omit.data.frame" "na.omit" ".External2" "model.frame.default" "<Anonymous>" "eval" "eval" "glm" "summary" 1#7 
"isNamespace" "asNamespace" "getExportedValue" "::" "eval" "eval" "glm" "summary" 1#7 
"terms" "model.frame.default" "<Anonymous>" "eval" "eval" "glm" "summary" 1#7 
"is.function" "match.fun" "sapply" "model.frame.default" "<Anonymous>" "eval" "eval" "glm" "summary" 1#7 
"match.fun" "sapply" "model.frame.default" "<Anonymous>" "eval" "eval" "glm" "summary" 1#7 
"glm" "summary" 1#7 
"structure" "family" "glm" "summary" 1#7 
"colnames<-" "glm.fit" "eval" "eval" "glm" "summary" 1#6 
"colnames<-" "glm.fit" "eval" "eval" "glm" "summary" 1#6 
"colnames<-" "glm.fit" "eval" "eval" "glm" "summary" 1#6 
"colnames<-" "glm.fit" "eval" "eval" "glm" "summary" 1#6 
"colnames<-" "glm.fit" "eval" "eval" "glm" "summary" 1#6 
"colnames<-" "glm.fit" "eval" "eval" "glm" "summary" 1#6 
"colnames<-" "glm.fit" "eval" "eval" "glm" "summary" 1#6 
"colnames<-" "glm.fit" "eval" "eval" "glm" "summary" 1#6 
"colnames<-" "glm.fit" "eval" "eval" "glm" "summary" 1#6 
"colnames<-" "glm.fit" "eval" "eval" "glm" "summary" 1#6 
"colnames<-" "glm.fit" "eval" "eval" "glm" "summary" 1#6 
"colnames<-" "glm.fit" "eval" "eval" "glm" "summary" 1#6 
"colnames<-" "glm.fit" "eval" "eval" "glm" "summary" 1#6 
"colnames<-" "glm.fit" "eval" "eval" "glm" "summary" 1#6 
"asNamespace" "make.link" "family" "glm" "summary" 1#7 
"dev.resids" "glm.fit" "eval" "eval" "glm" "summary" 1#6 
"vapply" "model.matrix.default" "model.matrix" "glm" "summary" 1#7 
"[[.data.frame" "[[" "na.omit.data.frame" "na.omit" ".External2" "model.frame.default" "<Anonymous>" "eval" "eval" "glm" "summary" 1#7 
"c" "glm" "summary" 1#6 
"%in%" "structure" "glm.fit" "eval" "eval" "glm" "summary" 1#6 
"glm.fit" "eval" "eval" "glm" "summary" 1#6 
"glm.fit" "eval" "eval" "glm" "summary" 1#6 
"validmu" "glm.fit" "eval" "eval" "glm" "summary" 1#6 
"glm.fit" "eval" "eval" "glm" "summary" 1#6 
