line profiling: sample.interval=1000
#File 1: script.R
"all" "validmu" "glm.fit" "eval" "eval" "glm" "summary" 1#7 "eval" "eval" "withVisible" "source" 
"valideta" "glm.fit" "eval" "eval" "glm" "summary" 1#7 "eval" "eval" "withVisible" "source" 
"model.response" "glm" "summary" 1#7 "eval" "eval" "withVisible" "source" 
"c" "match" "%in%" "deparse" "paste" "FUN" "lapply" "sapply" "model.frame.default" "<Anonymous>" "eval" "eval" "glm" "summary" 1#7 "eval" "eval" "withVisible" "source" 
"min" "diag" "summary.glm" "summary" 1#6 "eval" "eval" "withVisible" "source" 
"pmatch" ".deparseOpts" "deparse" "paste" "FUN" "lapply" "sapply" "model.frame.default" "<Anonymous>" "eval" "eval" "glm" "summary" 1#7 "eval" "eval" "withVisible" "source" 
"lapply" "sapply" ".getXlevels" "glm" "summary" 1#6 "eval" "eval" "withVisible" "source" 
"glm.fit" "eval" "eval" "glm" "summary" 1#6 "eval" "eval" "withVisible" "source" 
"glm.fit" "eval" "eval" "glm" "summary" 1#6 "eval" "eval" "withVisible" "source" 
"match" "%in%" "deparse" "paste" "FUN" "lapply" "sapply" "match" "model.matrix.default" "model.matrix" "glm" "summary" 1#6 "eval" "eval" "withVisible" "source" 
"get0" "getExportedValue" "::" "eval" "eval" "glm" "summary" 1#6 "eval" "eval" "withVisible" "source" 
"mode" "match" "%in%" "deparse" "paste" "force" "as.data.frame.numeric" "as.data.frame" "data.frame" 1#2 "eval" "eval" "withVisible" "source" 
"ifelse" "<Anonymous>" "pmax" "residuals.glm" "residuals" "summary.glm" "summary" 1#7 "eval" "eval" "withVisible" "source" 
"chol2inv" "summary.glm" "summary" 1#7 "eval" "eval" "withVisible" "source" 
"ifelse" "dev.resids" "glm.fit" "eval" "eval" "glm" "summary" 1#7 "eval" "eval" "withVisible" "source" 
"is.factor" "unique.default" "unique" "simplify2array" "sapply" ".getXlevels" "glm" "summary" 1#6 "eval" "eval" "withVisible" "source" 
"sys.call" "match.call" "glm" "summary" 1#6 "eval" "eval" "withVisible" "source" 
"data.frame" 1#2 "eval" "eval" "withVisible" "source" 
"glm" "summary" 1#7 "eval" "eval" "withVisible" "source" 
"eval" "glm" "summary" 1#7 "eval" "eval" "withVisible" "source" 
"model.matrix.default" "model.matrix" "glm" "summary" 1#7 "eval" "eval" "withVisible" "source" 
"as.list" "vapply" "model.matrix.default" "model.matrix" "glm" "summary" 1#7 "eval" "eval" "withVisible" "source" 
"eval" "glm" "summary" 1#7 "eval" "eval" "withVisible" "source" 
"$" "glm.fit" "eval" "eval" "glm" "summary" 1#7 "eval" "eval" "withVisible" "source" 
"glm.fit" "eval" "eval" "glm" "summary" 1#7 "eval" "eval" "withVisible" "source" 
"ncol" "glm.fit" "eval" "eval" "glm" "summary" 1#7 "eval" "eval" "withVisible" "source" 
"structure" "family" "glm" "summary" 1#7 "eval" "eval" "withVisible" "source" 
"diag" "summary.glm" "summary" 1#6 "eval" "eval" "withVisible" "source" 
"match" "%in%" "deparse" "paste" "FUN" "lapply" "sapply" ".getXlevels" "glm" "summary" 1#6 "eval" "eval" "withVisible" "source" 
"glm.fit" "eval" "eval" "glm" "summary" 1#6 "eval" "eval" "withVisible" "source" 
"ifelse" "dev.resids" "glm.fit" "eval" "eval" "glm" "summary" 1#6 "eval" "eval" "withVisible" "source" 
"$" "match" "%in%" "summary.glm" "summary" 1#6 "eval" "eval" "withVisible" "source" 
".External" "terms.formula" "terms" "model.frame.default" "<Anonymous>" "eval" "eval" "glm" "summary" 1#7 "eval" "eval" "withVisible" "source" 
"unique" "simplify2array" "sapply" "match" "model.matrix.default" "model.matrix" "glm" "summary" 1#7 "eval" "eval" "withVisible" "source" 
"glm.fit" "eval" "eval" "glm" "summary" 1#7 "eval" "eval" "withVisible" "source" 
"match" "%in%" "deparse" "mode" "match" "%in%" "deparse" "paste" "FUN" "lapply" "sapply" ".getXlevels" "glm" "summary" 1#7 "eval" "eval" "withVisible" "source" 
"simplify2array" "sapply" ".getXlevels" "glm" "summary" 1#7 "eval" "eval" "withVisible" "source" 
"simplify2array" "sapply" ".getXlevels" "glm" "summary" 1#7 "eval" "eval" "withVisible" "source" 
"simplify2array" "sapply" ".getXlevels" "glm" "summary" 1#7 "eval" "eval" "withVisible" "source" 
"simplify2array" "sapply" ".getXlevels" "glm" "summary" 1#7 "eval" "eval" "withVisible" "source" 
"simplify2array" "sapply" ".getXlevels" "glm" "summary" 1#7 "eval" "eval" "withVisible" "source" 
"simplify2array" "sapply" ".getXlevels" "glm" "summary" 1#7 "eval" "eval" "withVisible" "source" 
"simplify2array" "sapply" ".getXlevels" "glm" "summary" 1#7 "eval" "eval" "withVisible" "source" 
"simplify2array" "sapply" ".getXlevels" "glm" "summary" 1#7 "eval" "eval" "withVisible" "source" 
"simplify2array" "sapply" ".getXlevels" "glm" "summary" 1#7 "eval" "eval" "withVisible" "source" 
"simplify2array" "sapply" ".getXlevels" "glm" "summary" 1#7 "eval" "eval" "withVisible" "source" 
"structure" "make.link" "family" "glm" "summary" 1#6 "eval" "eval" "withVisible" "source" 
"summary.glm" "summary" 1#7 "eval" "eval" "withVisible" "source" 
"ifelse" "<Anonymous>" "pmax" "residuals.glm" "residuals" "summary.glm" "summary" 1#6 "eval" "eval" "withVisible" "source" 
"ifelse" "dev.resids" "glm.fit" "eval" "eval" "glm" "summary" 1#7 "eval" "eval" "withVisible" "source" 
"model.frame.default" "<Anonymous>" "eval" "eval" "glm" "summary" 1#7 "eval" "eval" "withVisible" "source" 
"NCOL" "summary.glm" "summary" 1#6 "eval" "eval" "withVisible" "source" 
"NCOL" "summary.glm" "summary" 1#6 "eval" "eval" "withVisible" "source" 
"dgamma" "aic" "glm.fit" "eval" "eval" "glm" "summary" 1#6 "eval" "eval" "withVisible" "source" 
"glm.fit" "eval" "eval" "glm" "summary" 1#6 "eval" "eval" "withVisible" "source" 
"validmu" "glm.fit" "eval" "eval" "glm" "summary" 1#6 "eval" "eval" "withVisible" "source" 
"[[" "$.data.frame" "$" "model.offset" "as.vector" "glm" "summary" 1#6 "eval" "eval" "withVisible" "source" 
"as.list.data.frame" "as.list" "vapply" "model.matrix.default" "model.matrix" "glm" "summary" 1#6 "eval" "eval" "withVisible" "source" 
"glm.fit" "eval" "eval" "glm" "summary" 1#6 "eval" "eval" "withVisible" "source" 
"deparse" "paste" "FUN" "lapply" "sapply" "match" "model.matrix.default" "model.matrix" "glm" "summary" 1#6 "eval" "eval" "withVisible" "source" 
"%in%" ".deparseOpts" "deparse" "paste" "FUN" "lapply" "sapply" "match" "model.matrix.default" "model.matrix" "glm" "summary" 1#6 "eval" "eval" "withVisible" "source" 
"as.list" "lapply" "sapply" "match" "model.matrix.default" "model.matrix" "glm" "summary" 1#6 "eval" "eval" "withVisible" "source" 
"deparse" "paste" "FUN" "lapply" "sapply" "model.frame.default" "<Anonymous>" "eval" "eval" "glm" "summary" 1#6 "eval" "eval" "withVisible" "source" 
"anyDuplicated.default" "anyDuplicated" "[.data.frame" "[" "na.omit.data.frame" "na.omit" ".External2" "model.frame.default" "<Anonymous>" "eval" "eval" "glm" "summary" 1#6 "eval" "eval" "withVisible" "source" 
"deparse" "paste" "FUN" "lapply" "sapply" "match" "model.matrix.default" "model.matrix" "glm" "summary" 1#6 "eval" "eval" "withVisible" "source" 
"mode" "match" "%in%" "deparse" "paste" "FUN" "lapply" "sapply" "match" "model.matrix.default" "model.matrix" "glm" "summary" 1#6 "eval" "eval" "withVisible" "source" 
".External2" "model.matrix.default" "model.matrix" "glm" "summary" 1#6 "eval" "eval" "withVisible" "source" 
"vapply" "model.matrix.default" "model.matrix" "glm" "summary" 1#6 "eval" "eval" "withVisible" "source" 
"$" "glm.fit" "eval" "eval" "glm" "summary" 1#6 "eval" "eval" "withVisible" "source" 
"valideta" "glm.fit" "eval" "eval" "glm" "summary" 1#6 "eval" "eval" "withVisible" "source" 
"as.character" "pmatch" ".deparseOpts" "deparse" "paste" "FUN" "lapply" "sapply" ".getXlevels" "glm" "summary" 1#6 "eval" "eval" "withVisible" "source" 
"deparse" "mode" "match" "%in%" "deparse" "paste" "force" "as.data.frame.numeric" "as.data.frame" "data.frame" 1#2 "eval" "eval" "withVisible" "source" 
".External" "terms.formula" "terms" "model.frame.default" "<Anonymous>" "eval" "eval" "glm" "summary" 1#6 "eval" "eval" "withVisible" "source" 
"parent.frame" "eval" "glm" "summary" 1#6 "eval" "eval" "withVisible" "source" 
"getOption" "model.frame.default" "<Anonymous>" "eval" "eval" "glm" "summary" 1#6 "eval" "eval" "withVisible" "source" 
"c" "dim.data.frame" "dim" "dim" "nrow" "logical" "na.omit.data.frame" "na.omit" ".External2" "model.frame.default" "<Anonymous>" "eval" "eval" "glm" "summary" 1#6 "eval" "eval" "withVisible" "source" 
"dev.resids" "glm.fit" "eval" "eval" "glm" "summary" 1#6 "eval" "eval" "withVisible" "source" 
"ifelse" "<Anonymous>" "pmax" "residuals.glm" "residuals" "summary.glm" "summary" 1#6 "eval" "eval" "withVisible" "source" 
"deparse" "paste" "FUN" "lapply" "sapply" ".getXlevels" "glm" "summary" 1#6 "eval" "eval" "withVisible" "source" 
"sum" ".deparseOpts" "deparse" "paste" "FUN" "lapply" "sapply" ".getXlevels" "glm" "summary" 1#6 "eval" "eval" "withVisible" "source" 
"is.factor" "unique.default" "unique" "simplify2array" "sapply" ".getXlevels" "glm" "summary" 1#6 "eval" "eval" "withVisible" "source" 
".Call" "glm.fit" "eval" "eval" "glm" "summary" 1#6 "eval" "eval" "withVisible" "source" 
"[[.data.frame" "[[" "$.data.frame" "$" "model.weights" "as.vector" "glm" "summary" 1#6 "eval" "eval" "withVisible" "source" 
"sys.call" "match" "%in%" "[[.data.frame" "[[" "model.response" "glm" "summary" 1#6 "eval" "eval" "withVisible" "source" 
"sapply" "model.frame.default" "<Anonymous>" "eval" "eval" "glm" "summary" 1#6 "eval" "eval" "withVisible" "source" 
"match" "%in%" "[[.data.frame" "[[" "na.omit.data.frame" "na.omit" ".External2" "model.frame.default" "<Anonymous>" "eval" "eval" "glm" "summary" 1#6 "eval" "eval" "withVisible" "source" 
"structure" "family" "glm" "summary" 1#6 "eval" "eval" "withVisible" "source" 
"glm" "summary" 1#6 "eval" "eval" "withVisible" "source" 
".deparseOpts" "deparse" "paste" "FUN" "lapply" "sapply" "model.frame.default" "<Anonymous>" "eval" "eval" "glm" "summary" 1#6 "eval" "eval" "withVisible" "source" 
"[[.data.frame" "[[" "na.omit.data.frame" "na.omit" ".External2" "model.frame.default" "<Anonymous>" "eval" "eval" "glm" "summary" 1#6 "eval" "eval" "withVisible" "source" 
"match" "%in%" "[[.data.frame" "[[" "na.omit.data.frame" "na.omit" ".External2" "model.frame.default" "<Anonymous>" "eval" "eval" "glm" "summary" 1#6 "eval" "eval" "withVisible" "source" 
"do.call" "glm" "summary" 1#6 "eval" "eval" "withVisible" "source" 
"order" "make.names" "data.frame" 1#2 "eval" "eval" "withVisible" "source" 
"order" "make.names" "data.frame" 1#2 "eval" "eval" "withVisible" "source" 
"order" "make.names" "data.frame" 1#2 "eval" "eval" "withVisible" "source" 
"order" "make.names" "data.frame" 1#2 "eval" "eval" "withVisible" "source" 
"order" "make.names" "data.frame" 1#2 "eval" "eval" "withVisible" "source" 
"order" "make.names" "data.frame" 1#2 "eval" "eval" "withVisible" "source" 
"order" "make.names" "data.frame" 1#2 "eval" "eval" "withVisible" "source" 
"$" "glm.fit" "eval" "eval" "glm" "summary" 1#6 "eval" "eval" "withVisible" "source" 
"do.call" "glm.fit" "eval" "eval" "glm" "summary" 1#7 "eval" "eval" "withVisible" "source" 
"match" "model.matrix.default" "model.matrix" "glm" "summary" 1#7 "eval" "eval" "withVisible" "source" 
"as.character" "makepredictcall.default" "makepredictcall" "model.frame.default" "<Anonymous>" "eval" "eval" "glm" "summary" 1#7 "eval" "eval" "withVisible" "source" 
"[[" "na.omit.data.frame" "na.omit" ".External2" "model.frame.default" "<Anonymous>" "eval" "eval" "glm" "summary" 1#7 "eval" "eval" "withVisible" "source" 
"FUN" "vapply" "model.frame.default" "<Anonymous>" "eval" "eval" "glm" "summary" 1#7 "eval" "eval" "withVisible" "source" 
"%in%" ".deparseOpts" "deparse" "paste" "FUN" "lapply" "sapply" "match" "model.matrix.default" "model.matrix" "glm" "summary" 1#7 "eval" "eval" "withVisible" "source" 
"vapply" "model.matrix.default" "model.matrix" "glm" "summary" 1#7 "eval" "eval" "withVisible" "source" 
"model.matrix" "glm" "summary" 1#7 "eval" "eval" "withVisible" "source" 
".External" "terms.formula" "terms" "model.frame.default" "<Anonymous>" "eval" "eval" "glm" "summary" 1#7 "eval" "eval" "withVisible" "source" 
"$" "structure" "family" "glm" "summary" 1#7 "eval" "eval" "withVisible" "source" 
"summary.glm" "summary" 1#6 "eval" "eval" "withVisible" "source" 
"$" "summary.glm" "summary" 1#6 "eval" "eval" "withVisible" "source" 
"vapply" ".getXlevels" "glm" "summary" 1#6 "eval" "eval" "withVisible" "source" 
"unique.default" "unique" "simplify2array" "sapply" "diag" "summary.glm" "summary" 1#6 "eval" "eval" "withVisible" "source" 
"summary.glm" "summary" 1#6 "eval" "eval" "withVisible" "source" 
"as.character" "pmatch" ".deparseOpts" "deparse" "paste" "FUN" "lapply" "sapply" "model.frame.default" "<Anonymous>" "eval" "eval" "glm" "summary" 1#7 "eval" "eval" "withVisible" "source" 
"anyDuplicated.default" "anyDuplicated" "[.data.frame" "[" "na.omit.data.frame" "na.omit" ".External2" "model.frame.default" "<Anonymous>" "eval" "eval" "glm" "summary" 1#7 "eval" "eval" "withVisible" "source" 
"[[.data.frame" "[[" "model.matrix.default" "model.matrix" "glm" "summary" 1#7 "eval" "eval" "withVisible" "source" 
"all" "[[.data.frame" "[[" "$.data.frame" "$" "model.weights" "as.vector" "glm" "summary" 1#7 "eval" "eval" "withVisible" "source" 
"%in%" "[[.data.frame" "[[" "$.data.frame" "$" "model.offset" "as.vector" "glm" "summary" 1#7 "eval" "eval" "withVisible" "source" 
"simplify2array" "sapply" "match" "model.matrix.default" "model.matrix" "glm" "summary" 1#7 "eval" "eval" "withVisible" "source" 
"[[" "na.omit.data.frame" "na.omit" ".External2" "model.frame.default" "<Anonymous>" "eval" "eval" "glm" "summary" 1#7 "eval" "eval" "withVisible" "source" 
"glm.fit" "eval" "eval" "glm" "summary" 1#6 "eval" "eval" "withVisible" "source" 
"sapply" "diag" "summary.glm" "summary" 1#6 "eval" "eval" "withVisible" "source" 
