line profiling: sample.interval=1000
#File 1: <text>
"[[.data.frame" "[[" "na.omit.data.frame" "na.omit" ".External2" "model.frame.default" "<Anonymous>" "eval" "eval" "glm" "summary" 1#7 "eval" "eval" "withVisible" "withCallingHandlers" "doTryCatch" "tryCatchOne" "tryCatchList" "tryCatch" "try" "handle" "evaluate_call" "<Anonymous>" "in_dir" "block_exec" "call_block" "process_group.block" "process_group" "withCallingHandlers" "process_file" "<Anonymous>" 
"chol2inv" "summary.glm" "summary" 1#8 "eval" "eval" "withVisible" "withCallingHandlers" "doTryCatch" "tryCatchOne" "tryCatchList" "tryCatch" "try" "handle" "evaluate_call" "<Anonymous>" "in_dir" "block_exec" "call_block" "process_group.block" "process_group" "withCallingHandlers" "process_file" "<Anonymous>" 
"match.arg" "residuals.glm" "residuals" "summary.glm" "summary" 1#8 "eval" "eval" "withVisible" "withCallingHandlers" "doTryCatch" "tryCatchOne" "tryCatchList" "tryCatch" "try" "handle" "evaluate_call" "<Anonymous>" "in_dir" "block_exec" "call_block" "process_group.block" "process_group" "withCallingHandlers" "process_file" "<Anonymous>" 
"get0" "getExportedValue" "::" "eval" "eval" "glm" "summary" 1#7 "eval" "eval" "withVisible" "withCallingHandlers" "doTryCatch" "tryCatchOne" "tryCatchList" "tryCatch" "try" "handle" "evaluate_call" "<Anonymous>" "in_dir" "block_exec" "call_block" "process_group.block" "process_group" "withCallingHandlers" "process_file" "<Anonymous>" 
"as.vector" "glm" "summary" 1#7 "eval" "eval" "withVisible" "withCallingHandlers" "doTryCatch" "tryCatchOne" "tryCatchList" "tryCatch" "try" "handle" "evaluate_call" "<Anonymous>" "in_dir" "block_exec" "call_block" "process_group.block" "process_group" "withCallingHandlers" "process_file" "<Anonymous>" 
"ifelse" "dev.resids" "glm.fit" "eval" "eval" "glm" "summary" 1#7 "eval" "eval" "withVisible" "withCallingHandlers" "doTryCatch" "tryCatchOne" "tryCatchList" "tryCatch" "try" "handle" "evaluate_call" "<Anonymous>" "in_dir" "block_exec" "call_block" "process_group.block" "process_group" "withCallingHandlers" "process_file" "<Anonymous>" 
"match" "%in%" ".deparseOpts" "deparse" "paste" "FUN" "lapply" "sapply" ".getXlevels" "glm" "summary" 1#7 "eval" "eval" "withVisible" "withCallingHandlers" "doTryCatch" "tryCatchOne" "tryCatchList" "tryCatch" "try" "handle" "evaluate_call" "<Anonymous>" "in_dir" "block_exec" "call_block" "process_group.block" "process_group" "withCallingHandlers" "process_file" "<Anonymous>" 
".row_names_info" "[.data.frame" "[" "lapply" ".getXlevels" "glm" "summary" 1#7 "eval" "eval" "withVisible" "withCallingHandlers" "doTryCatch" "tryCatchOne" "tryCatchList" "tryCatch" "try" "handle" "evaluate_call" "<Anonymous>" "in_dir" "block_exec" "call_block" "process_group.block" "process_group" "withCallingHandlers" "process_file" "<Anonymous>" 
".deparseOpts" "deparse" "mode" "match" "%in%" "deparse" "paste" "FUN" "lapply" "sapply" ".getXlevels" "glm" "summary" 1#7 "eval" "eval" "withVisible" "withCallingHandlers" "doTryCatch" "tryCatchOne" "tryCatchList" "tryCatch" "try" "handle" "evaluate_call" "<Anonymous>" "in_dir" "block_exec" "call_block" "process_group.block" "process_group" "withCallingHandlers" "process_file" "<Anonymous>" 
"chol2inv" "summary.glm" "summary" 1#8 "eval" "eval" "withVisible" "withCallingHandlers" "doTryCatch" "tryCatchOne" "tryCatchList" "tryCatch" "try" "handle" "evaluate_call" "<Anonymous>" "in_dir" "block_exec" "call_block" "process_group.block" "process_group" "withCallingHandlers" "process_file" "<Anonymous>" 
"[[.data.frame" "[[" "na.omit.data.frame" "na.omit" ".External2" "model.frame.default" "<Anonymous>" "eval" "eval" "glm" "summary" 1#7 "eval" "eval" "withVisible" "withCallingHandlers" "doTryCatch" "tryCatchOne" "tryCatchList" "tryCatch" "try" "handle" "evaluate_call" "<Anonymous>" "in_dir" "block_exec" "call_block" "process_group.block" "process_group" "withCallingHandlers" "process_file" "<Anonymous>" 
"$" "summary.glm" "summary" 1#7 "eval" "eval" "withVisible" "withCallingHandlers" "doTryCatch" "tryCatchOne" "tryCatchList" "tryCatch" "try" "handle" "evaluate_call" "<Anonymous>" "in_dir" "block_exec" "call_block" "process_group.block" "process_group" "withCallingHandlers" "process_file" "<Anonymous>" 
"as.character" "model.response" "glm" "summary" 1#8 "eval" "eval" "withVisible" "withCallingHandlers" "doTryCatch" "tryCatchOne" "tryCatchList" "tryCatch" "try" "handle" "evaluate_call" "<Anonymous>" "in_dir" "block_exec" "call_block" "process_group.block" "process_group" "withCallingHandlers" "process_file" "<Anonymous>" 
"%in%" "summary.glm" "summary" 1#8 "eval" "eval" "withVisible" "withCallingHandlers" "doTryCatch" "tryCatchOne" "tryCatchList" "tryCatch" "try" "handle" "evaluate_call" "<Anonymous>" "in_dir" "block_exec" "call_block" "process_group.block" "process_group" "withCallingHandlers" "process_file" "<Anonymous>" 
"glm" "summary" 1#7 "eval" "eval" "withVisible" "withCallingHandlers" "doTryCatch" "tryCatchOne" "tryCatchList" "tryCatch" "try" "handle" "evaluate_call" "<Anonymous>" "in_dir" "block_exec" "call_block" "process_group.block" "process_group" "withCallingHandlers" "process_file" "<Anonymous>" 
"model.extract" "glm" "summary" 1#7 "eval" "eval" "withVisible" "withCallingHandlers" "doTryCatch" "tryCatchOne" "tryCatchList" "tryCatch" "try" "handle" "evaluate_call" "<Anonymous>" "in_dir" "block_exec" "call_block" "process_group.block" "process_group" "withCallingHandlers" "process_file" "<Anonymous>" 
"as.list" "lapply" "sapply" "match" "model.matrix.default" "model.matrix" "glm" "summary" 1#8 "eval" "eval" "withVisible" "withCallingHandlers" "doTryCatch" "tryCatchOne" "tryCatchList" "tryCatch" "try" "handle" "evaluate_call" "<Anonymous>" "in_dir" "block_exec" "call_block" "process_group.block" "process_group" "withCallingHandlers" "process_file" "<Anonymous>" 
"names" "names" "[.data.frame" "[" "na.omit.data.frame" "na.omit" ".External2" "model.frame.default" "<Anonymous>" "eval" "eval" "glm" "summary" 1#7 "eval" "eval" "withVisible" "withCallingHandlers" "doTryCatch" "tryCatchOne" "tryCatchList" "tryCatch" "try" "handle" "evaluate_call" "<Anonymous>" "in_dir" "block_exec" "call_block" "process_group.block" "process_group" "withCallingHandlers" "process_file" "<Anonymous>" 
"$.data.frame" "$" "model.weights" "as.vector" "glm" "summary" 1#7 "eval" "eval" "withVisible" "withCallingHandlers" "doTryCatch" "tryCatchOne" "tryCatchList" "tryCatch" "try" "handle" "evaluate_call" "<Anonymous>" "in_dir" "block_exec" "call_block" "process_group.block" "process_group" "withCallingHandlers" "process_file" "<Anonymous>" 
"summary.glm" "summary" 1#7 "eval" "eval" "withVisible" "withCallingHandlers" "doTryCatch" "tryCatchOne" "tryCatchList" "tryCatch" "try" "handle" "evaluate_call" "<Anonymous>" "in_dir" "block_exec" "call_block" "process_group.block" "process_group" "withCallingHandlers" "process_file" "<Anonymous>" 
"deparse" "paste" "FUN" "lapply" "sapply" "match" "model.matrix.default" "model.matrix" "glm" "summary" 1#8 "eval" "eval" "withVisible" "withCallingHandlers" "doTryCatch" "tryCatchOne" "tryCatchList" "tryCatch" "try" "handle" "evaluate_call" "<Anonymous>" "in_dir" "block_exec" "call_block" "process_group.block" "process_group" "withCallingHandlers" "process_file" "<Anonymous>" 
"dev.resids" "glm.fit" "eval" "eval" "glm" "summary" 1#8 "eval" "eval" "withVisible" "withCallingHandlers" "doTryCatch" "tryCatchOne" "tryCatchList" "tryCatch" "try" "handle" "evaluate_call" "<Anonymous>" "in_dir" "block_exec" "call_block" "process_group.block" "process_group" "withCallingHandlers" "process_file" "<Anonymous>" 
".deparseOpts" "deparse" "paste" "force" "as.data.frame.numeric" "as.data.frame" "data.frame" 1#3 "eval" "eval" "withVisible" "withCallingHandlers" "doTryCatch" "tryCatchOne" "tryCatchList" "tryCatch" "try" "handle" "evaluate_call" "<Anonymous>" "in_dir" "block_exec" "call_block" "process_group.block" "process_group" "withCallingHandlers" "process_file" "<Anonymous>" 
"getOption" "model.matrix.default" "model.matrix" "glm" "summary" 1#7 "eval" "eval" "withVisible" "withCallingHandlers" "doTryCatch" "tryCatchOne" "tryCatchList" "tryCatch" "try" "handle" "evaluate_call" "<Anonymous>" "in_dir" "block_exec" "call_block" "process_group.block" "process_group" "withCallingHandlers" "process_file" "<Anonymous>" 
".External2" "model.matrix.default" "model.matrix" "glm" "summary" 1#7 "eval" "eval" "withVisible" "withCallingHandlers" "doTryCatch" "tryCatchOne" "tryCatchList" "tryCatch" "try" "handle" "evaluate_call" "<Anonymous>" "in_dir" "block_exec" "call_block" "process_group.block" "process_group" "withCallingHandlers" "process_file" "<Anonymous>" 
"formals" "match.arg" "residuals.glm" "residuals" "summary.glm" "summary" 1#8 "eval" "eval" "withVisible" "withCallingHandlers" "doTryCatch" "tryCatchOne" "tryCatchList" "tryCatch" "try" "handle" "evaluate_call" "<Anonymous>" "in_dir" "block_exec" "call_block" "process_group.block" "process_group" "withCallingHandlers" "process_file" "<Anonymous>" 
"model.frame.default" "<Anonymous>" "eval" "eval" "glm" "summary" 1#7 "eval" "eval" "withVisible" "withCallingHandlers" "doTryCatch" "tryCatchOne" "tryCatchList" "tryCatch" "try" "handle" "evaluate_call" "<Anonymous>" "in_dir" "block_exec" "call_block" "process_group.block" "process_group" "withCallingHandlers" "process_file" "<Anonymous>" 
"names" "names" "match" "summary.glm" "summary" 1#7 "eval" "eval" "withVisible" "withCallingHandlers" "doTryCatch" "tryCatchOne" "tryCatchList" "tryCatch" "try" "handle" "evaluate_call" "<Anonymous>" "in_dir" "block_exec" "call_block" "process_group.block" "process_group" "withCallingHandlers" "process_file" "<Anonymous>" 
"glm.fit" "eval" "eval" "glm" "summary" 1#8 "eval" "eval" "withVisible" "withCallingHandlers" "doTryCatch" "tryCatchOne" "tryCatchList" "tryCatch" "try" "handle" "evaluate_call" "<Anonymous>" "in_dir" "block_exec" "call_block" "process_group.block" "process_group" "withCallingHandlers" "process_file" "<Anonymous>" 
"environment" "model.frame.default" "<Anonymous>" "eval" "eval" "glm" "summary" 1#7 "eval" "eval" "withVisible" "withCallingHandlers" "doTryCatch" "tryCatchOne" "tryCatchList" "tryCatch" "try" "handle" "evaluate_call" "<Anonymous>" "in_dir" "block_exec" "call_block" "process_group.block" "process_group" "withCallingHandlers" "process_file" "<Anonymous>" 
"c" "match" "%in%" "deparse" "mode" "match" "%in%" "deparse" "paste" "FUN" "lapply" "sapply" ".getXlevels" "glm" "summary" 1#7 "eval" "eval" "withVisible" "withCallingHandlers" "doTryCatch" "tryCatchOne" "tryCatchList" "tryCatch" "try" "handle" "evaluate_call" "<Anonymous>" "in_dir" "block_exec" "call_block" "process_group.block" "process_group" "withCallingHandlers" "process_file" "<Anonymous>" 
"model.offset" "as.vector" "glm" "summary" 1#8 "eval" "eval" "withVisible" "withCallingHandlers" "doTryCatch" "tryCatchOne" "tryCatchList" "tryCatch" "try" "handle" "evaluate_call" "<Anonymous>" "in_dir" "block_exec" "call_block" "process_group.block" "process_group" "withCallingHandlers" "process_file" "<Anonymous>" 
"dev.resids" "glm.fit" "eval" "eval" "glm" "summary" 1#7 "eval" "eval" "withVisible" "withCallingHandlers" "doTryCatch" "tryCatchOne" "tryCatchList" "tryCatch" "try" "handle" "evaluate_call" "<Anonymous>" "in_dir" "block_exec" "call_block" "process_group.block" "process_group" "withCallingHandlers" "process_file" "<Anonymous>" 
"ifelse" "<Anonymous>" "pmax" "residuals.glm" "residuals" "summary.glm" "summary" 1#7 "eval" "eval" "withVisible" "withCallingHandlers" "doTryCatch" "tryCatchOne" "tryCatchList" "tryCatch" "try" "handle" "evaluate_call" "<Anonymous>" "in_dir" "block_exec" "call_block" "process_group.block" "process_group" "withCallingHandlers" "process_file" "<Anonymous>" 
"ifelse" "dev.resids" "glm.fit" "eval" "eval" "glm" "summary" 1#8 "eval" "eval" "withVisible" "withCallingHandlers" "doTryCatch" "tryCatchOne" "tryCatchList" "tryCatch" "try" "handle" "evaluate_call" "<Anonymous>" "in_dir" "block_exec" "call_block" "process_group.block" "process_group" "withCallingHandlers" "process_file" "<Anonymous>" 
".External2" "model.frame.default" "<Anonymous>" "eval" "eval" "glm" "summary" 1#7 "eval" "eval" "withVisible" "withCallingHandlers" "doTryCatch" "tryCatchOne" "tryCatchList" "tryCatch" "try" "handle" "evaluate_call" "<Anonymous>" "in_dir" "block_exec" "call_block" "process_group.block" "process_group" "withCallingHandlers" "process_file" "<Anonymous>" 
"deparse" "paste" "FUN" "lapply" "sapply" ".getXlevels" "glm" "summary" 1#7 "eval" "eval" "withVisible" "withCallingHandlers" "doTryCatch" "tryCatchOne" "tryCatchList" "tryCatch" "try" "handle" "evaluate_call" "<Anonymous>" "in_dir" "block_exec" "call_block" "process_group.block" "process_group" "withCallingHandlers" "process_file" "<Anonymous>" 
"[[.data.frame" "[[" "model.matrix.default" "model.matrix" "glm" "summary" 1#8 "eval" "eval" "withVisible" "withCallingHandlers" "doTryCatch" "tryCatchOne" "tryCatchList" "tryCatch" "try" "handle" "evaluate_call" "<Anonymous>" "in_dir" "block_exec" "call_block" "process_group.block" "process_group" "withCallingHandlers" "process_file" "<Anonymous>" 
"summary.glm" "summary" 1#8 "eval" "eval" "withVisible" "withCallingHandlers" "doTryCatch" "tryCatchOne" "tryCatchList" "tryCatch" "try" "handle" "evaluate_call" "<Anonymous>" "in_dir" "block_exec" "call_block" "process_group.block" "process_group" "withCallingHandlers" "process_file" "<Anonymous>" 
"c" "summary.glm" "summary" 1#7 "eval" "eval" "withVisible" "withCallingHandlers" "doTryCatch" "tryCatchOne" "tryCatchList" "tryCatch" "try" "handle" "evaluate_call" "<Anonymous>" "in_dir" "block_exec" "call_block" "process_group.block" "process_group" "withCallingHandlers" "process_file" "<Anonymous>" 
"names" "names" "match" "model.matrix.default" "model.matrix" "glm" "summary" 1#8 "eval" "eval" "withVisible" "withCallingHandlers" "doTryCatch" "tryCatchOne" "tryCatchList" "tryCatch" "try" "handle" "evaluate_call" "<Anonymous>" "in_dir" "block_exec" "call_block" "process_group.block" "process_group" "withCallingHandlers" "process_file" "<Anonymous>" 
"data.frame" 1#3 "eval" "eval" "withVisible" "withCallingHandlers" "doTryCatch" "tryCatchOne" "tryCatchList" "tryCatch" "try" "handle" "evaluate_call" "<Anonymous>" "in_dir" "block_exec" "call_block" "process_group.block" "process_group" "withCallingHandlers" "process_file" "<Anonymous>" 
"chol2inv" "summary.glm" "summary" 1#8 "eval" "eval" "withVisible" "withCallingHandlers" "doTryCatch" "tryCatchOne" "tryCatchList" "tryCatch" "try" "handle" "evaluate_call" "<Anonymous>" "in_dir" "block_exec" "call_block" "process_group.block" "process_group" "withCallingHandlers" "process_file" "<Anonymous>" 
"data.frame" 1#3 "eval" "eval" "withVisible" "withCallingHandlers" "doTryCatch" "tryCatchOne" "tryCatchList" "tryCatch" "try" "handle" "evaluate_call" "<Anonymous>" "in_dir" "block_exec" "call_block" "process_group.block" "process_group" "withCallingHandlers" "process_file" "<Anonymous>" 
"paste" "FUN" "lapply" "sapply" "model.frame.default" "<Anonymous>" "eval" "eval" "glm" "summary" 1#7 "eval" "eval" "withVisible" "withCallingHandlers" "doTryCatch" "tryCatchOne" "tryCatchList" "tryCatch" "try" "handle" "evaluate_call" "<Anonymous>" "in_dir" "block_exec" "call_block" "process_group.block" "process_group" "withCallingHandlers" "process_file" "<Anonymous>" 
"glm.control" "do.call" "glm.fit" "eval" "eval" "glm" "summary" 1#7 "eval" "eval" "withVisible" "withCallingHandlers" "doTryCatch" "tryCatchOne" "tryCatchList" "tryCatch" "try" "handle" "evaluate_call" "<Anonymous>" "in_dir" "block_exec" "call_block" "process_group.block" "process_group" "withCallingHandlers" "process_file" "<Anonymous>" 
"deparse" "paste" "FUN" "lapply" "sapply" ".getXlevels" "glm" "summary" 1#7 "eval" "eval" "withVisible" "withCallingHandlers" "doTryCatch" "tryCatchOne" "tryCatchList" "tryCatch" "try" "handle" "evaluate_call" "<Anonymous>" "in_dir" "block_exec" "call_block" "process_group.block" "process_group" "withCallingHandlers" "process_file" "<Anonymous>" 
"diag" "summary.glm" "summary" 1#8 "eval" "eval" "withVisible" "withCallingHandlers" "doTryCatch" "tryCatchOne" "tryCatchList" "tryCatch" "try" "handle" "evaluate_call" "<Anonymous>" "in_dir" "block_exec" "call_block" "process_group.block" "process_group" "withCallingHandlers" "process_file" "<Anonymous>" 
"ifelse" "dev.resids" "glm.fit" "eval" "eval" "glm" "summary" 1#8 "eval" "eval" "withVisible" "withCallingHandlers" "doTryCatch" "tryCatchOne" "tryCatchList" "tryCatch" "try" "handle" "evaluate_call" "<Anonymous>" "in_dir" "block_exec" "call_block" "process_group.block" "process_group" "withCallingHandlers" "process_file" "<Anonymous>" 
"mode" "match" "%in%" "deparse" "paste" "FUN" "lapply" "sapply" ".getXlevels" "glm" "summary" 1#8 "eval" "eval" "withVisible" "withCallingHandlers" "doTryCatch" "tryCatchOne" "tryCatchList" "tryCatch" "try" "handle" "evaluate_call" "<Anonymous>" "in_dir" "block_exec" "call_block" "process_group.block" "process_group" "withCallingHandlers" "process_file" "<Anonymous>" 
"vapply" "pmax" "residuals.glm" "residuals" "summary.glm" "summary" 1#8 "eval" "eval" "withVisible" "withCallingHandlers" "doTryCatch" "tryCatchOne" "tryCatchList" "tryCatch" "try" "handle" "evaluate_call" "<Anonymous>" "in_dir" "block_exec" "call_block" "process_group.block" "process_group" "withCallingHandlers" "process_file" "<Anonymous>" 
"ifelse" "dev.resids" "glm.fit" "eval" "eval" "glm" "summary" 1#7 "eval" "eval" "withVisible" "withCallingHandlers" "doTryCatch" "tryCatchOne" "tryCatchList" "tryCatch" "try" "handle" "evaluate_call" "<Anonymous>" "in_dir" "block_exec" "call_block" "process_group.block" "process_group" "withCallingHandlers" "process_file" "<Anonymous>" 
"match" "%in%" "[.data.frame" "[" "na.omit.data.frame" "na.omit" ".External2" "model.frame.default" "<Anonymous>" "eval" "eval" "glm" "summary" 1#8 "eval" "eval" "withVisible" "withCallingHandlers" "doTryCatch" "tryCatchOne" "tryCatchList" "tryCatch" "try" "handle" "evaluate_call" "<Anonymous>" "in_dir" "block_exec" "call_block" "process_group.block" "process_group" "withCallingHandlers" "process_file" "<Anonymous>" 
"<Anonymous>" "pmax" "residuals.glm" "residuals" "summary.glm" "summary" 1#8 "eval" "eval" "withVisible" "withCallingHandlers" "doTryCatch" "tryCatchOne" "tryCatchList" "tryCatch" "try" "handle" "evaluate_call" "<Anonymous>" "in_dir" "block_exec" "call_block" "process_group.block" "process_group" "withCallingHandlers" "process_file" "<Anonymous>" 
"dev.resids" "glm.fit" "eval" "eval" "glm" "summary" 1#7 "eval" "eval" "withVisible" "withCallingHandlers" "doTryCatch" "tryCatchOne" "tryCatchList" "tryCatch" "try" "handle" "evaluate_call" "<Anonymous>" "in_dir" "block_exec" "call_block" "process_group.block" "process_group" "withCallingHandlers" "process_file" "<Anonymous>" 
"match.arg" "residuals.glm" "residuals" "summary.glm" "summary" 1#8 "eval" "eval" "withVisible" "withCallingHandlers" "doTryCatch" "tryCatchOne" "tryCatchList" "tryCatch" "try" "handle" "evaluate_call" "<Anonymous>" "in_dir" "block_exec" "call_block" "process_group.block" "process_group" "withCallingHandlers" "process_file" "<Anonymous>" 
"model.frame.default" "<Anonymous>" "eval" "eval" "glm" "summary" 1#7 "eval" "eval" "withVisible" "withCallingHandlers" "doTryCatch" "tryCatchOne" "tryCatchList" "tryCatch" "try" "handle" "evaluate_call" "<Anonymous>" "in_dir" "block_exec" "call_block" "process_group.block" "process_group" "withCallingHandlers" "process_file" "<Anonymous>" 
"structure" "family" "glm" "summary" 1#8 "eval" "eval" "withVisible" "withCallingHandlers" "doTryCatch" "tryCatchOne" "tryCatchList" "tryCatch" "try" "handle" "evaluate_call" "<Anonymous>" "in_dir" "block_exec" "call_block" "process_group.block" "process_group" "withCallingHandlers" "process_file" "<Anonymous>" 
"deparse" "paste" "FUN" "lapply" "sapply" ".getXlevels" "glm" "summary" 1#8 "eval" "eval" "withVisible" "withCallingHandlers" "doTryCatch" "tryCatchOne" "tryCatchList" "tryCatch" "try" "handle" "evaluate_call" "<Anonymous>" "in_dir" "block_exec" "call_block" "process_group.block" "process_group" "withCallingHandlers" "process_file" "<Anonymous>" 
"mode" "match" "%in%" "deparse" "paste" "FUN" "lapply" "sapply" "match" "model.matrix.default" "model.matrix" "glm" "summary" 1#7 "eval" "eval" "withVisible" "withCallingHandlers" "doTryCatch" "tryCatchOne" "tryCatchList" "tryCatch" "try" "handle" "evaluate_call" "<Anonymous>" "in_dir" "block_exec" "call_block" "process_group.block" "process_group" "withCallingHandlers" "process_file" "<Anonymous>" 
"get0" "getExportedValue" "::" "eval" "eval" "glm" "summary" 1#8 "eval" "eval" "withVisible" "withCallingHandlers" "doTryCatch" "tryCatchOne" "tryCatchList" "tryCatch" "try" "handle" "evaluate_call" "<Anonymous>" "in_dir" "block_exec" "call_block" "process_group.block" "process_group" "withCallingHandlers" "process_file" "<Anonymous>" 
"deparse" "paste" "FUN" "lapply" "sapply" ".getXlevels" "glm" "summary" 1#8 "eval" "eval" "withVisible" "withCallingHandlers" "doTryCatch" "tryCatchOne" "tryCatchList" "tryCatch" "try" "handle" "evaluate_call" "<Anonymous>" "in_dir" "block_exec" "call_block" "process_group.block" "process_group" "withCallingHandlers" "process_file" "<Anonymous>" 
"mostattributes<-" "pmax" "residuals.glm" "residuals" "summary.glm" "summary" 1#7 "eval" "eval" "withVisible" "withCallingHandlers" "doTryCatch" "tryCatchOne" "tryCatchList" "tryCatch" "try" "handle" "evaluate_call" "<Anonymous>" "in_dir" "block_exec" "call_block" "process_group.block" "process_group" "withCallingHandlers" "process_file" "<Anonymous>" 
"glm.fit" "eval" "eval" "glm" "summary" 1#8 "eval" "eval" "withVisible" "withCallingHandlers" "doTryCatch" "tryCatchOne" "tryCatchList" "tryCatch" "try" "handle" "evaluate_call" "<Anonymous>" "in_dir" "block_exec" "call_block" "process_group.block" "process_group" "withCallingHandlers" "process_file" "<Anonymous>" 
"mode" "match" "%in%" "deparse" "paste" "FUN" "lapply" "sapply" "model.frame.default" "<Anonymous>" "eval" "eval" "glm" "summary" 1#7 "eval" "eval" "withVisible" "withCallingHandlers" "doTryCatch" "tryCatchOne" "tryCatchList" "tryCatch" "try" "handle" "evaluate_call" "<Anonymous>" "in_dir" "block_exec" "call_block" "process_group.block" "process_group" "withCallingHandlers" "process_file" "<Anonymous>" 
"deparse" "eval" "match.arg" "residuals.glm" "residuals" "summary.glm" "summary" 1#7 "eval" "eval" "withVisible" "withCallingHandlers" "doTryCatch" "tryCatchOne" "tryCatchList" "tryCatch" "try" "handle" "evaluate_call" "<Anonymous>" "in_dir" "block_exec" "call_block" "process_group.block" "process_group" "withCallingHandlers" "process_file" "<Anonymous>" 
"as.matrix" "glm.fit" "eval" "eval" "glm" "summary" 1#8 "eval" "eval" "withVisible" "withCallingHandlers" "doTryCatch" "tryCatchOne" "tryCatchList" "tryCatch" "try" "handle" "evaluate_call" "<Anonymous>" "in_dir" "block_exec" "call_block" "process_group.block" "process_group" "withCallingHandlers" "process_file" "<Anonymous>" 
"sys.call" "match" "%in%" "[.data.frame" "[" "na.omit.data.frame" "na.omit" ".External2" "model.frame.default" "<Anonymous>" "eval" "eval" "glm" "summary" 1#7 "eval" "eval" "withVisible" "withCallingHandlers" "doTryCatch" "tryCatchOne" "tryCatchList" "tryCatch" "try" "handle" "evaluate_call" "<Anonymous>" "in_dir" "block_exec" "call_block" "process_group.block" "process_group" "withCallingHandlers" "process_file" "<Anonymous>" 
"summary.glm" "summary" 1#7 "eval" "eval" "withVisible" "withCallingHandlers" "doTryCatch" "tryCatchOne" "tryCatchList" "tryCatch" "try" "handle" "evaluate_call" "<Anonymous>" "in_dir" "block_exec" "call_block" "process_group.block" "process_group" "withCallingHandlers" "process_file" "<Anonymous>" 
"unlist" "simplify2array" "sapply" "model.frame.default" "<Anonymous>" "eval" "eval" "glm" "summary" 1#7 "eval" "eval" "withVisible" "withCallingHandlers" "doTryCatch" "tryCatchOne" "tryCatchList" "tryCatch" "try" "handle" "evaluate_call" "<Anonymous>" "in_dir" "block_exec" "call_block" "process_group.block" "process_group" "withCallingHandlers" "process_file" "<Anonymous>" 
"aic" "glm.fit" "eval" "eval" "glm" "summary" 1#7 "eval" "eval" "withVisible" "withCallingHandlers" "doTryCatch" "tryCatchOne" "tryCatchList" "tryCatch" "try" "handle" "evaluate_call" "<Anonymous>" "in_dir" "block_exec" "call_block" "process_group.block" "process_group" "withCallingHandlers" "process_file" "<Anonymous>" 
"ifelse" "dev.resids" "glm.fit" "eval" "eval" "glm" "summary" 1#8 "eval" "eval" "withVisible" "withCallingHandlers" "doTryCatch" "tryCatchOne" "tryCatchList" "tryCatch" "try" "handle" "evaluate_call" "<Anonymous>" "in_dir" "block_exec" "call_block" "process_group.block" "process_group" "withCallingHandlers" "process_file" "<Anonymous>" 
"match" "glm" "summary" 1#7 "eval" "eval" "withVisible" "withCallingHandlers" "doTryCatch" "tryCatchOne" "tryCatchList" "tryCatch" "try" "handle" "evaluate_call" "<Anonymous>" "in_dir" "block_exec" "call_block" "process_group.block" "process_group" "withCallingHandlers" "process_file" "<Anonymous>" 
"[.data.frame" "[" "lapply" ".getXlevels" "glm" "summary" 1#7 "eval" "eval" "withVisible" "withCallingHandlers" "doTryCatch" "tryCatchOne" "tryCatchList" "tryCatch" "try" "handle" "evaluate_call" "<Anonymous>" "in_dir" "block_exec" "call_block" "process_group.block" "process_group" "withCallingHandlers" "process_file" "<Anonymous>" 
"ifelse" "dev.resids" "glm.fit" "eval" "eval" "glm" "summary" 1#8 "eval" "eval" "withVisible" "withCallingHandlers" "doTryCatch" "tryCatchOne" "tryCatchList" "tryCatch" "try" "handle" "evaluate_call" "<Anonymous>" "in_dir" "block_exec" "call_block" "process_group.block" "process_group" "withCallingHandlers" "process_file" "<Anonymous>" 
"is.factor" "unique.default" "unique" "simplify2array" "sapply" "diag" "summary.glm" "summary" 1#8 "eval" "eval" "withVisible" "withCallingHandlers" "doTryCatch" "tryCatchOne" "tryCatchList" "tryCatch" "try" "handle" "evaluate_call" "<Anonymous>" "in_dir" "block_exec" "call_block" "process_group.block" "process_group" "withCallingHandlers" "process_file" "<Anonymous>" 
"eval" "glm.fit" "eval" "eval" "glm" "summary" 1#8 "eval" "eval" "withVisible" "withCallingHandlers" "doTryCatch" "tryCatchOne" "tryCatchList" "tryCatch" "try" "handle" "evaluate_call" "<Anonymous>" "in_dir" "block_exec" "call_block" "process_group.block" "process_group" "withCallingHandlers" "process_file" "<Anonymous>" 
"as.data.frame" "data.frame" 1#3 "eval" "eval" "withVisible" "withCallingHandlers" "doTryCatch" "tryCatchOne" "tryCatchList" "tryCatch" "try" "handle" "evaluate_call" "<Anonymous>" "in_dir" "block_exec" "call_block" "process_group.block" "process_group" "withCallingHandlers" "process_file" "<Anonymous>" 
"paste" "FUN" "lapply" "sapply" ".getXlevels" "glm" "summary" 1#7 "eval" "eval" "withVisible" "withCallingHandlers" "doTryCatch" "tryCatchOne" "tryCatchList" "tryCatch" "try" "handle" "evaluate_call" "<Anonymous>" "in_dir" "block_exec" "call_block" "process_group.block" "process_group" "withCallingHandlers" "process_file" "<Anonymous>" 
"/" "<Anonymous>" "glm.fit" "eval" "eval" "glm" "summary" 1#8 "eval" "eval" "withVisible" "withCallingHandlers" "doTryCatch" "tryCatchOne" "tryCatchList" "tryCatch" "try" "handle" "evaluate_call" "<Anonymous>" "in_dir" "block_exec" "call_block" "process_group.block" "process_group" "withCallingHandlers" "process_file" "<Anonymous>" 
".deparseOpts" "deparse" "paste" "FUN" "lapply" "sapply" "model.frame.default" "<Anonymous>" "eval" "eval" "glm" "summary" 1#7 "eval" "eval" "withVisible" "withCallingHandlers" "doTryCatch" "tryCatchOne" "tryCatchList" "tryCatch" "try" "handle" "evaluate_call" "<Anonymous>" "in_dir" "block_exec" "call_block" "process_group.block" "process_group" "withCallingHandlers" "process_file" "<Anonymous>" 
"summary.glm" "summary" 1#7 "eval" "eval" "withVisible" "withCallingHandlers" "doTryCatch" "tryCatchOne" "tryCatchList" "tryCatch" "try" "handle" "evaluate_call" "<Anonymous>" "in_dir" "block_exec" "call_block" "process_group.block" "process_group" "withCallingHandlers" "process_file" "<Anonymous>" 
"sapply" ".getXlevels" "glm" "summary" 1#7 "eval" "eval" "withVisible" "withCallingHandlers" "doTryCatch" "tryCatchOne" "tryCatchList" "tryCatch" "try" "handle" "evaluate_call" "<Anonymous>" "in_dir" "block_exec" "call_block" "process_group.block" "process_group" "withCallingHandlers" "process_file" "<Anonymous>" 
"sum" "aic" "glm.fit" "eval" "eval" "glm" "summary" 1#7 "eval" "eval" "withVisible" "withCallingHandlers" "doTryCatch" "tryCatchOne" "tryCatchList" "tryCatch" "try" "handle" "evaluate_call" "<Anonymous>" "in_dir" "block_exec" "call_block" "process_group.block" "process_group" "withCallingHandlers" "process_file" "<Anonymous>" 
"as.list" "lapply" "sapply" ".getXlevels" "glm" "summary" 1#7 "eval" "eval" "withVisible" "withCallingHandlers" "doTryCatch" "tryCatchOne" "tryCatchList" "tryCatch" "try" "handle" "evaluate_call" "<Anonymous>" "in_dir" "block_exec" "call_block" "process_group.block" "process_group" "withCallingHandlers" "process_file" "<Anonymous>" 
"glm.fit" "eval" "eval" "glm" "summary" 1#8 "eval" "eval" "withVisible" "withCallingHandlers" "doTryCatch" "tryCatchOne" "tryCatchList" "tryCatch" "try" "handle" "evaluate_call" "<Anonymous>" "in_dir" "block_exec" "call_block" "process_group.block" "process_group" "withCallingHandlers" "process_file" "<Anonymous>" 
"mode" "match" "%in%" "deparse" "paste" "FUN" "lapply" "sapply" "model.frame.default" "<Anonymous>" "eval" "eval" "glm" "summary" 1#7 "eval" "eval" "withVisible" "withCallingHandlers" "doTryCatch" "tryCatchOne" "tryCatchList" "tryCatch" "try" "handle" "evaluate_call" "<Anonymous>" "in_dir" "block_exec" "call_block" "process_group.block" "process_group" "withCallingHandlers" "process_file" "<Anonymous>" 
